Archive member included to satisfy reference by file (symbol)

D:/mcu/STM/STM32CubeIDE/plugins/com.st.stm32cube.ide.mcu.externaltools.gnu-tools-for-stm32.13.3.rel1.win32_1.0.0.202411081344/tools/bin/../lib/gcc/arm-none-eabi/13.3.1/../../../../arm-none-eabi/lib/thumb/v7-m/nofp\libc_nano.a(libc_a-exit.o)
                              D:/mcu/STM/STM32CubeIDE/plugins/com.st.stm32cube.ide.mcu.externaltools.gnu-tools-for-stm32.13.3.rel1.win32_1.0.0.202411081344/tools/bin/../lib/gcc/arm-none-eabi/13.3.1/../../../../arm-none-eabi/lib/thumb/v7-m/nofp/crt0.o (exit)
D:/mcu/STM/STM32CubeIDE/plugins/com.st.stm32cube.ide.mcu.externaltools.gnu-tools-for-stm32.13.3.rel1.win32_1.0.0.202411081344/tools/bin/../lib/gcc/arm-none-eabi/13.3.1/../../../../arm-none-eabi/lib/thumb/v7-m/nofp\libc_nano.a(libc_a-rand.o)
                              ./Core/Src/games.o (rand)
D:/mcu/STM/STM32CubeIDE/plugins/com.st.stm32cube.ide.mcu.externaltools.gnu-tools-for-stm32.13.3.rel1.win32_1.0.0.202411081344/tools/bin/../lib/gcc/arm-none-eabi/13.3.1/../../../../arm-none-eabi/lib/thumb/v7-m/nofp\libc_nano.a(libc_a-findfp.o)
                              D:/mcu/STM/STM32CubeIDE/plugins/com.st.stm32cube.ide.mcu.externaltools.gnu-tools-for-stm32.13.3.rel1.win32_1.0.0.202411081344/tools/bin/../lib/gcc/arm-none-eabi/13.3.1/../../../../arm-none-eabi/lib/thumb/v7-m/nofp\libc_nano.a(libc_a-exit.o) (__stdio_exit_handler)
D:/mcu/STM/STM32CubeIDE/plugins/com.st.stm32cube.ide.mcu.externaltools.gnu-tools-for-stm32.13.3.rel1.win32_1.0.0.202411081344/tools/bin/../lib/gcc/arm-none-eabi/13.3.1/../../../../arm-none-eabi/lib/thumb/v7-m/nofp\libc_nano.a(libc_a-fwalk.o)
                              D:/mcu/STM/STM32CubeIDE/plugins/com.st.stm32cube.ide.mcu.externaltools.gnu-tools-for-stm32.13.3.rel1.win32_1.0.0.202411081344/tools/bin/../lib/gcc/arm-none-eabi/13.3.1/../../../../arm-none-eabi/lib/thumb/v7-m/nofp\libc_nano.a(libc_a-findfp.o) (_fwalk_sglue)
D:/mcu/STM/STM32CubeIDE/plugins/com.st.stm32cube.ide.mcu.externaltools.gnu-tools-for-stm32.13.3.rel1.win32_1.0.0.202411081344/tools/bin/../lib/gcc/arm-none-eabi/13.3.1/../../../../arm-none-eabi/lib/thumb/v7-m/nofp\libc_nano.a(libc_a-sprintf.o)
                              ./Core/Src/games.o (sprintf)
D:/mcu/STM/STM32CubeIDE/plugins/com.st.stm32cube.ide.mcu.externaltools.gnu-tools-for-stm32.13.3.rel1.win32_1.0.0.202411081344/tools/bin/../lib/gcc/arm-none-eabi/13.3.1/../../../../arm-none-eabi/lib/thumb/v7-m/nofp\libc_nano.a(libc_a-stdio.o)
                              D:/mcu/STM/STM32CubeIDE/plugins/com.st.stm32cube.ide.mcu.externaltools.gnu-tools-for-stm32.13.3.rel1.win32_1.0.0.202411081344/tools/bin/../lib/gcc/arm-none-eabi/13.3.1/../../../../arm-none-eabi/lib/thumb/v7-m/nofp\libc_nano.a(libc_a-findfp.o) (__sread)
D:/mcu/STM/STM32CubeIDE/plugins/com.st.stm32cube.ide.mcu.externaltools.gnu-tools-for-stm32.13.3.rel1.win32_1.0.0.202411081344/tools/bin/../lib/gcc/arm-none-eabi/13.3.1/../../../../arm-none-eabi/lib/thumb/v7-m/nofp\libc_nano.a(libc_a-memset.o)
                              D:/mcu/STM/STM32CubeIDE/plugins/com.st.stm32cube.ide.mcu.externaltools.gnu-tools-for-stm32.13.3.rel1.win32_1.0.0.202411081344/tools/bin/../lib/gcc/arm-none-eabi/13.3.1/../../../../arm-none-eabi/lib/thumb/v7-m/nofp/crt0.o (memset)
D:/mcu/STM/STM32CubeIDE/plugins/com.st.stm32cube.ide.mcu.externaltools.gnu-tools-for-stm32.13.3.rel1.win32_1.0.0.202411081344/tools/bin/../lib/gcc/arm-none-eabi/13.3.1/../../../../arm-none-eabi/lib/thumb/v7-m/nofp\libc_nano.a(libc_a-strncpy.o)
                              ./Core/Src/oled_ui.o (strncpy)
D:/mcu/STM/STM32CubeIDE/plugins/com.st.stm32cube.ide.mcu.externaltools.gnu-tools-for-stm32.13.3.rel1.win32_1.0.0.202411081344/tools/bin/../lib/gcc/arm-none-eabi/13.3.1/../../../../arm-none-eabi/lib/thumb/v7-m/nofp\libc_nano.a(libc_a-closer.o)
                              D:/mcu/STM/STM32CubeIDE/plugins/com.st.stm32cube.ide.mcu.externaltools.gnu-tools-for-stm32.13.3.rel1.win32_1.0.0.202411081344/tools/bin/../lib/gcc/arm-none-eabi/13.3.1/../../../../arm-none-eabi/lib/thumb/v7-m/nofp\libc_nano.a(libc_a-stdio.o) (_close_r)
D:/mcu/STM/STM32CubeIDE/plugins/com.st.stm32cube.ide.mcu.externaltools.gnu-tools-for-stm32.13.3.rel1.win32_1.0.0.202411081344/tools/bin/../lib/gcc/arm-none-eabi/13.3.1/../../../../arm-none-eabi/lib/thumb/v7-m/nofp\libc_nano.a(libc_a-reent.o)
                              D:/mcu/STM/STM32CubeIDE/plugins/com.st.stm32cube.ide.mcu.externaltools.gnu-tools-for-stm32.13.3.rel1.win32_1.0.0.202411081344/tools/bin/../lib/gcc/arm-none-eabi/13.3.1/../../../../arm-none-eabi/lib/thumb/v7-m/nofp\libc_nano.a(libc_a-closer.o) (errno)
D:/mcu/STM/STM32CubeIDE/plugins/com.st.stm32cube.ide.mcu.externaltools.gnu-tools-for-stm32.13.3.rel1.win32_1.0.0.202411081344/tools/bin/../lib/gcc/arm-none-eabi/13.3.1/../../../../arm-none-eabi/lib/thumb/v7-m/nofp\libc_nano.a(libc_a-impure.o)
[...]
Memory Configuration

Name             Origin             Length             Attributes
RAM              0x20000000         0x00005000         xrw
FLASH            0x08000000         0x00010000         xr
*default*        0x00000000         0xffffffff

Linker script and memory map

LOAD D:/mcu/STM/STM32CubeIDE/plugins/com.st.stm32cube.ide.mcu.externaltools.gnu-tools-for-stm32.13.3.rel1.win32_1.0.0.202411081344/tools/bin/../lib/gcc/arm-none-eabi/13.3.1/thumb/v7-m/nofp/crti.o
LOAD D:/mcu/STM/STM32CubeIDE/plugins/com.st.stm32cube.ide.mcu.externaltools.gnu-tools-for-stm32.13.3.rel1.win32_1.0.0.202411081344/tools/bin/../lib/gcc/arm-none-eabi/13.3.1/thumb/v7-m/nofp/crtbegin.o
LOAD D:/mcu/STM/STM32CubeIDE/plugins/com.st.stm32cube.ide.mcu.externaltools.gnu-tools-for-stm32.13.3.rel1.win32_1.0.0.202411081344/tools/bin/../lib/gcc/arm-none-eabi/13.3.1/../../../../arm-none-eabi/lib/thumb/v7-m/nofp/crt0.o
LOAD ./Core/Src/calculator.o
LOAD ./Core/Src/dma.o
LOAD ./Core/Src/drawer.o
LOAD ./Core/Src/flash.o
LOAD ./Core/Src/games.o
LOAD ./Core/Src/gpio.o
LOAD ./Core/Src/i2c.o
LOAD ./Core/Src/icon.o
LOAD ./Core/Src/main.o
LOAD ./Core/Src/oled.o
LOAD ./Core/Src/oled_driver.o
LOAD ./Core/Src/oled_optimize.o
LOAD ./Core/Src/oled_ui.o
LOAD ./Core/Src/pid.o
LOAD ./Core/Src/spi.o
LOAD ./Core/Src/stm32f1xx_hal_msp.o
LOAD ./Core/Src/stm32f1xx_it.o
LOAD ./Core/Src/syscalls.o
LOAD ./Core/Src/sysmem.o
LOAD ./Core/Src/system_stm32f1xx.o
LOAD ./Core/Src/tim.o
LOAD ./Core/Src/videoPlayer.o
LOAD ./Core/Startup/startup_stm32f103c8tx.o
LOAD ./Drivers/STM32F1xx_HAL_Driver/Src/stm32f1xx_hal.o
LOAD ./Drivers/STM32F1xx_HAL_Driver/Src/stm32f1xx_hal_cortex.o
LOAD ./Drivers/STM32F1xx_HAL_Driver/Src/stm32f1xx_hal_dma.o
LOAD ./Drivers/STM32F1xx_HAL_Driver/Src/stm32f1xx_hal_exti.o
LOAD ./Drivers/STM32F1xx_HAL_Driver/Src/stm32f1xx_hal_flash.o
LOAD ./Drivers/STM32F1xx_HAL_Driver/Src/stm32f1xx_hal_flash_ex.o
LOAD ./Drivers/STM32F1xx_HAL_Driver/Src/stm32f1xx_hal_gpio.o
LOAD ./Drivers/STM32F1xx_HAL_Driver/Src/stm32f1xx_hal_gpio_ex.o
LOAD ./Drivers/STM32F1xx_HAL_Driver/Src/stm32f1xx_hal_i2c.o
LOAD ./Drivers/STM32F1xx_HAL_Driver/Src/stm32f1xx_hal_pwr.o
LOAD ./Drivers/STM32F1xx_HAL_Driver/Src/stm32f1xx_hal_rcc.o
LOAD ./Drivers/STM32F1xx_HAL_Driver/Src/stm32f1xx_hal_rcc_ex.o
LOAD ./Drivers/STM32F1xx_HAL_Driver/Src/stm32f1xx_hal_spi.o
LOAD ./Drivers/STM32F1xx_HAL_Driver/Src/stm32f1xx_hal_tim.o
LOAD ./Drivers/STM32F1xx_HAL_Driver/Src/stm32f1xx_hal_tim_ex.o
START GROUP
LOAD D:/mcu/STM/STM32CubeIDE/plugins/com.st.stm32cube.ide.mcu.externaltools.gnu-tools-for-stm32.13.3.rel1.win32_1.0.0.202411081344/tools/bin/../lib/gcc/arm-none-eabi/13.3.1/../../../../arm-none-eabi/lib/thumb/v7-m/nofp\libc_nano.a
LOAD D:/mcu/STM/STM32CubeIDE/plugins/com.st.stm32cube.ide.mcu.externaltools.gnu-tools-for-stm32.13.3.rel1.win32_1.0.0.202411081344/tools/bin/../lib/gcc/arm-none-eabi/13.3.1/../../../../arm-none-eabi/lib/thumb/v7-m/nofp\libm.a
END GROUP
START GROUP
LOAD D:/mcu/STM/STM32CubeIDE/plugins/com.st.stm32cube.ide.mcu.externaltools.gnu-tools-for-stm32.13.3.rel1.win32_1.0.0.202411081344/tools/bin/../lib/gcc/arm-none-eabi/13.3.1/thumb/v7-m/nofp\libgcc.a
LOAD D:/mcu/STM/STM32CubeIDE/plugins/com.st.stm32cube.ide.mcu.externaltools.gnu-tools-for-stm32.13.3.rel1.win32_1.0.0.202411081344/tools/bin/../lib/gcc/arm-none-eabi/13.3.1/../../../../arm-none-eabi/lib/thumb/v7-m/nofp\libc_nano.a
END GROUP
START GROUP
LOAD D:/mcu/STM/STM32CubeIDE/plugins/com.st.stm32cube.ide.mcu.externaltools.gnu-tools-for-stm32.13.3.rel1.win32_1.0.0.202411081344/tools/bin/../lib/gcc/arm-none-eabi/13.3.1/thumb/v7-m/nofp\libgcc.a
LOAD D:/mcu/STM/STM32CubeIDE/plugins/com.st.stm32cube.ide.mcu.externaltools.gnu-tools-for-stm32.13.3.rel1.win32_1.0.0.202411081344/tools/bin/../lib/gcc/arm-none-eabi/13.3.1/../../../../arm-none-eabi/lib/thumb/v7-m/nofp\libc_nano.a
LOAD D:/mcu/STM/STM32CubeIDE/plugins/com.st.stm32cube.ide.mcu.externaltools.gnu-tools-for-stm32.13.3.rel1.win32_1.0.0.202411081344/tools/bin/../lib/gcc/arm-none-eabi/13.3.1/../../../../arm-none-eabi/lib/thumb/v7-m/nofp\libnosys.a
END GROUP
START GROUP
LOAD D:/mcu/STM/STM32CubeIDE/plugins/com.st.stm32cube.ide.mcu.externaltools.gnu-tools-for-stm32.13.3.rel1.win32_1.0.0.202411081344/tools/bin/../lib/gcc/arm-none-eabi/13.3.1/thumb/v7-m/nofp\libgcc.a
LOAD D:/mcu/STM/STM32CubeIDE/plugins/com.st.stm32cube.ide.mcu.externaltools.gnu-tools-for-stm32.13.3.rel1.win32_1.0.0.202411081344/tools/bin/../lib/gcc/arm-none-eabi/13.3.1/../../../../arm-none-eabi/lib/thumb/v7-m/nofp\libc_nano.a
LOAD D:/mcu/STM/STM32CubeIDE/plugins/com.st.stm32cube.ide.mcu.externaltools.gnu-tools-for-stm32.13.3.rel1.win32_1.0.0.202411081344/tools/bin/../lib/gcc/arm-none-eabi/13.3.1/../../../../arm-none-eabi/lib/thumb/v7-m/nofp\libnosys.a
END GROUP
LOAD D:/mcu/STM/STM32CubeIDE/plugins/com.st.stm32cube.ide.mcu.externaltools.gnu-tools-for-stm32.13.3.rel1.win32_1.0.0.202411081344/tools/bin/../lib/gcc/arm-none-eabi/13.3.1/thumb/v7-m/nofp/crtend.o
LOAD D:/mcu/STM/STM32CubeIDE/plugins/com.st.stm32cube.ide.mcu.externaltools.gnu-tools-for-stm32.13.3.rel1.win32_1.0.0.202411081344/tools/bin/../lib/gcc/arm-none-eabi/13.3.1/thumb/v7-m/nofp/crtn.o
                0x20005000                        _estack = (ORIGIN (RAM) + LENGTH (RAM))
                0x00000200                        _Min_Heap_Size = 0x200
                0x00000400                        _Min_Stack_Size = 0x400

.isr_vector     0x08000000      0x10c
                0x08000000                        . = ALIGN (0x4)
 *(.isr_vector)
 .isr_vector    0x08000000      0x10c ./Core/Startup/startup_stm32f103c8tx.o
                0x08000000                g_pfnVectors
                0x0800010c                        . = ALIGN (0x4)

.text           0x0800010c     0xe3f8
                0x0800010c                        . = ALIGN (0x4)
 *(.text)
 .text          0x0800010c       0x40 D:/mcu/STM/STM32CubeIDE/plugins/com.st.stm32cube.ide.mcu.externaltools.gnu-tools-for-stm32.13.3.rel1.win32_1.0.0.202411081344/tools/bin/../lib/gcc/arm-none-eabi/13.3.1/thumb/v7-m/nofp/crtbegin.o
 .text          0x0800014c       0x14 D:/mcu/STM/STM32CubeIDE/plugins/com.st.stm32cube.ide.mcu.externaltools.gnu-tools-for-stm32.13.3.rel1.win32_1.0.0.202411081344/tools/bin/../lib/gcc/arm-none-eabi/13.3.1/../../../../arm-none-eabi/lib/thumb/v7-m/nofp\libc_nano.a(libc_a-strcmp.o)
                0x0800014c                strcmp
 .text          0x08000160       0x10 D:/mcu/STM/STM32CubeIDE/plugins/com.st.stm32cube.ide.mcu.externaltools.gnu-tools-for-stm32.13.3.rel1.win32_1.0.0.202411081344/tools/bin/../lib/gcc/arm-none-eabi/13.3.1/../../../../arm-none-eabi/lib/thumb/v7-m/nofp\libc_nano.a(libc_a-strlen.o)
                0x08000160                strlen
 .text          0x08000170      0x21c D:/mcu/STM/STM32CubeIDE/plugins/com.st.stm32cube.ide.mcu.externaltools.gnu-tools-for-stm32.13.3.rel1.win32_1.0.0.202411081344/tools/bin/../lib/gcc/arm-none-eabi/13.3.1/thumb/v7-m/nofp\libgcc.a(_arm_addsubsf3.o)
                0x08000170                __aeabi_frsub
                0x08000178                __subsf3
                0x08000178                __aeabi_fsub
                0x0800017c                __aeabi_fadd
                0x0800017c                __addsf3
                0x080002dc                __aeabi_ui2f
                0x080002dc                __floatunsisf
                0x080002e4                __aeabi_i2f
                0x080002e4                __floatsisf
                0x08000300                __aeabi_ul2f
                0x08000300                __floatundisf
                0x08000310                __aeabi_l2f
                0x08000310                __floatdisf
 .text          0x0800038c      0x2a0 D:/mcu/STM/STM32CubeIDE/plugins/com.st.stm32cube.ide.mcu.externaltools.gnu-tools-for-stm32.13.3.rel1.win32_1.0.0.202411081344/tools/bin/../lib/gcc/arm-none-eabi/13.3.1/thumb/v7-m/nofp\libgcc.a(_arm_muldivsf3.o)
                0x0800038c                __mulsf3
                0x0800038c                __aeabi_fmul
                0x080004f4                __aeabi_fdiv
                0x080004f4                __divsf3
 .text          0x0800062c       0xec D:/mcu/STM/STM32CubeIDE/plugins/com.st.stm32cube.ide.mcu.externaltools.gnu-tools-for-stm32.13.3.rel1.win32_1.0.0.202411081344/tools/bin/../lib/gcc/arm-none-eabi/13.3.1/thumb/v7-m/nofp\libgcc.a(_arm_cmpsf2.o)
                0x0800062c                __gesf2
                0x0800062c                __gtsf2
                0x08000634                __lesf2
                0x08000634                __ltsf2
                0x0800063c                __nesf2
                0x0800063c                __eqsf2
                0x0800063c                __cmpsf2
                0x0800069c                __aeabi_cfrcmple
                0x080006a4                __aeabi_cfcmpeq
                0x080006a4                __aeabi_cfcmple
                0x080006b4                __aeabi_fcmpeq
                0x080006c8                __aeabi_fcmplt
                0x080006dc                __aeabi_fcmple
                0x080006f0                __aeabi_fcmpge
                0x08000704                __aeabi_fcmpgt
 .text          0x08000718       0x2c D:/mcu/STM/STM32CubeIDE/plugins/com.st.stm32cube.ide.mcu.externaltools.gnu-tools-for-stm32.13.3.rel1.win32_1.0.0.202411081344/tools/bin/../lib/gcc/arm-none-eabi/13.3.1/thumb/v7-m/nofp\libgcc.a(_arm_unordsf2.o)
                0x08000718                __unordsf2
                0x08000718                __aeabi_fcmpun
 .text          0x08000744       0x4c D:/mcu/STM/STM32CubeIDE/plugins/com.st.stm32cube.ide.mcu.externaltools.gnu-tools-for-stm32.13.3.rel1.win32_1.0.0.202411081344/tools/bin/../lib/gcc/arm-none-eabi/13.3.1/thumb/v7-m/nofp\libgcc.a(_arm_fixsfsi.o)
                0x08000744                __aeabi_f2iz
                0x08000744                __fixsfsi
 .text          0x08000790       0x40 D:/mcu/STM/STM32CubeIDE/plugins/com.st.stm32cube.ide.mcu.externaltools.gnu-tools-for-stm32.13.3.rel1.win32_1.0.0.202411081344/tools/bin/../lib/gcc/arm-none-eabi/13.3.1/thumb/v7-m/nofp\libgcc.a(_arm_fixunssfsi.o)
                0x08000790                __fixunssfsi
                0x08000790                __aeabi_f2uiz
 *(.text*)
 .text.MX_DMA_Init
                0x080007d0       0x3c ./Core/Src/dma.o
                0x080007d0                MX_DMA_Init
 .text.OLED_DrawLine
                0x0800080c       0xf6 ./Core/Src/drawer.o
                0x0800080c                OLED_DrawLine
 *fill*         0x08000902        0x2 
 .text.OLED_InitCube3D
                0x08000904      0x1f4 ./Core/Src/drawer.o
                0x08000904                OLED_InitCube3D
 .text.OLED_UpdateCubeRotation
                0x08000af8      0x188 ./Core/Src/drawer.o
                0x08000af8                OLED_UpdateCubeRotation
 .text.OLED_RotatePointX
                0x08000c80       0x86 ./Core/Src/drawer.o
                0x08000c80                OLED_RotatePointX
 .text.OLED_RotatePointY
                0x08000d06       0x8a ./Core/Src/drawer.o
                0x08000d06                OLED_RotatePointY
 .text.OLED_RotatePointZ
                0x08000d90       0x86 ./Core/Src/drawer.o
                0x08000d90                OLED_RotatePointZ
 .text.OLED_TransformPoint3D
                0x08000e16       0xbc ./Core/Src/drawer.o
                0x08000e16                OLED_TransformPoint3D
 .text.OLED_Project3DTo2D
                0x08000ed2       0xba ./Core/Src/drawer.o
                0x08000ed2                OLED_Project3DTo2D
 .text.OLED_DrawCube3D
                0x08000f8c      0x124 ./Core/Src/drawer.o
                0x08000f8c                OLED_DrawCube3D
 .text.W25Q64_Spi_Transmit
                0x080010b0       0x28 ./Core/Src/flash.o
 .text.W25Q64_Spi_Receive
                0x080010d8       0x28 ./Core/Src/flash.o
 .text.W25Q64_Read
                0x08001100       0x60 ./Core/Src/flash.o
                0x08001100                W25Q64_Read
 .text.DrawBlock
                0x08001160       0x36 ./Core/Src/games.o
 *fill*         0x08001196        0x2 
 .text.Snake_GenerateFood
                0x08001198       0xb0 ./Core/Src/games.o
 .text.Snake_InitGame
                0x08001248       0xb4 ./Core/Src/games.o
                0x08001248                Snake_InitGame
 .text.Snake_Draw
                0x080012fc       0x9c ./Core/Src/games.o
 .text.Snake_Update
                0x08001398      0x17c ./Core/Src/games.o
 .text.Snake_HandleInput
                0x08001514       0x60 ./Core/Src/games.o
                0x08001514                Snake_HandleInput
 .text.Snake_GameLoop
                0x08001574      0x1ac ./Core/Src/games.o
                0x08001574                Snake_GameLoop
 .text.Game2048_AddRandomTile
                0x08001720      0x118 ./Core/Src/games.o
 .text.Game2048_Init
                0x08001838       0x80 ./Core/Src/games.o
                0x08001838                Game2048_Init
 .text.Game2048_Restart
                0x080018b8        0xc ./Core/Src/games.o
                0x080018b8                Game2048_Restart
 .text.Game2048_DrawBoard
                0x080018c4      0x174 ./Core/Src/games.o
                0x080018c4                Game2048_DrawBoard
 .text.Game2048_CompactAndMerge
                0x08001a38      0x374 ./Core/Src/games.o
 .text.Game2048_MoveUp
                0x08001dac       0x2e ./Core/Src/games.o
 .text.Game2048_MoveDown
                0x08001dda       0x2e ./Core/Src/games.o
 .text.Game2048_MoveLeft
                0x08001e08       0x2e ./Core/Src/games.o
 .text.Game2048_MoveRight
                0x08001e36       0x2e ./Core/Src/games.o
 .text.Game2048_CanMove
                0x08001e64       0xa0 ./Core/Src/games.o
 .text.Game2048_HandleInput
                0x08001f04       0x94 ./Core/Src/games.o
                0x08001f04                Game2048_HandleInput
 .text.Game2048_GameLoop
                0x08001f98      0x13c ./Core/Src/games.o
                0x08001f98                Game2048_GameLoop
 .text.MX_GPIO_Init
                0x080020d4       0xf8 ./Core/Src/gpio.o
                0x080020d4                MX_GPIO_Init
 .text.MX_I2C1_Init
                0x080021cc       0x5c ./Core/Src/i2c.o
                0x080021cc                MX_I2C1_Init
 .text.HAL_I2C_MspInit
                0x08002228       0xd4 ./Core/Src/i2c.o
                0x08002228                HAL_I2C_MspInit
 .text.main     0x080022fc      0x11c ./Core/Src/main.o
                0x080022fc                main
 .text.SystemClock_Config
                0x08002418       0x8a ./Core/Src/main.o
                0x08002418                SystemClock_Config
 .text.Error_Handler
                0x080024a2        0xc ./Core/Src/main.o
                0x080024a2                Error_Handler
 *fill*         0x080024ae        0x2 
 .text.OLED_InitBuffer
                0x080024b0       0x68 ./Core/Src/oled.o
                0x080024b0                OLED_InitBuffer
 .text.OLED_ClearBuffer
                0x08002518       0x40 ./Core/Src/oled.o
                0x08002518                OLED_ClearBuffer
 .text.OLED_IsBusy
                0x08002558       0x50 ./Core/Src/oled.o
                0x08002558                OLED_IsBusy
 .text.OLED_UpdateDisplayVSync
                0x080025a8       0xb0 ./Core/Src/oled.o
                0x080025a8                OLED_UpdateDisplayVSync
 .text.OLED_UpdateDisplayPartial
                0x08002658       0xf0 ./Core/Src/oled.o
                0x08002658                OLED_UpdateDisplayPartial
 .text.OLED_WritePixel
                0x08002748       0xec ./Core/Src/oled.o
                0x08002748                OLED_WritePixel
 .text.OLED_SendCommand
                0x08002834       0x34 ./Core/Src/oled.o
                0x08002834                OLED_SendCommand
 .text.OLED_Init
                0x08002868       0xb2 ./Core/Src/oled.o
                0x08002868                OLED_Init
 *fill*         0x0800291a        0x2 
 .text.OLED_InvertArea
                0x0800291c      0x178 ./Core/Src/oled.o
                0x0800291c                OLED_InvertArea
 .text.OLED_DisplayChar
                0x08002a94      0x18c ./Core/Src/oled.o
                0x08002a94                OLED_DisplayChar
 .text.OLED_DisplayCharInverted
                0x08002c20      0x160 ./Core/Src/oled.o
                0x08002c20                OLED_DisplayCharInverted
 .text.OLED_DisplayString
                0x08002d80       0x9a ./Core/Src/oled.o
                0x08002d80                OLED_DisplayString
 .text.OLED_DisplayStringInverted
                0x08002e1a       0xa0 ./Core/Src/oled.o
                0x08002e1a                OLED_DisplayStringInverted
 *fill*         0x08002eba        0x2 
 .text.System_UI_Loop
                0x08002ebc     0x2a94 ./Core/Src/oled_driver.o
                0x08002ebc                System_UI_Loop
 .text.SystemGetsSignal
                0x08005950     0x1778 ./Core/Src/oled_driver.o
                0x08005950                SystemGetsSignal
 .text.OLED_EnableDiffMode
                0x080070c8       0x3c ./Core/Src/oled_optimize.o
                0x080070c8                OLED_EnableDiffMode
 .text.OLED_EnableFastUpdate
                0x08007104       0x20 ./Core/Src/oled_optimize.o
                0x08007104                OLED_EnableFastUpdate
 .text.OLED_SmartUpdate
                0x08007124      0x134 ./Core/Src/oled_optimize.o
                0x08007124                OLED_SmartUpdate
 .text.OLED_OptimizedDisplayFPS
                0x08007258       0x7c ./Core/Src/oled_optimize.o
                0x08007258                OLED_OptimizedDisplayFPS
 .text.EaseLinear
                0x080072d4       0x14 ./Core/Src/oled_ui.o
 .text.EaseInQuad
                0x080072e8       0x1a ./Core/Src/oled_ui.o
 .text.EaseOutQuad
                0x08007302       0x26 ./Core/Src/oled_ui.o
 .text.EaseInOutQuad
                0x08007328       0x66 ./Core/Src/oled_ui.o
 .text.EaseInCubic
                0x0800738e       0x24 ./Core/Src/oled_ui.o
 .text.EaseOutCubic
                0x080073b2       0x3e ./Core/Src/oled_ui.o
 .text.EaseInOutCubic
                0x080073f0       0xa2 ./Core/Src/oled_ui.o
 *fill*         0x08007492        0x2 
 .text.EaseInExpo
                0x08007494       0x4c ./Core/Src/oled_ui.o
 .text.EaseOutExpo
                0x080074e0       0x4c ./Core/Src/oled_ui.o
 .text.EaseInOutExpo
                0x0800752c       0xc0 ./Core/Src/oled_ui.o
 .text.EaseInCirc
                0x080075ec       0x3a ./Core/Src/oled_ui.o
 .text.EaseOutCirc
                0x08007626       0x3c ./Core/Src/oled_ui.o
 .text.EaseInOutCirc
                0x08007662       0xb6 ./Core/Src/oled_ui.o
 .text.EaseInElastic
                0x08007718       0xa0 ./Core/Src/oled_ui.o
 .text.EaseOutElastic
                0x080077b8       0xa0 ./Core/Src/oled_ui.o
 .text.EaseInOutElastic
                0x08007858      0x130 ./Core/Src/oled_ui.o
 .text.EaseOutBounce
                0x08007988      0x13c ./Core/Src/oled_ui.o
 .text.EaseInBounce
                0x08007ac4       0x30 ./Core/Src/oled_ui.o
 .text.EaseInOutBounce
                0x08007af4       0x7a ./Core/Src/oled_ui.o
 *fill*         0x08007b6e        0x2 
 .text.EaseInBack
                0x08007b70       0x64 ./Core/Src/oled_ui.o
 .text.EaseOutBack
                0x08007bd4       0x84 ./Core/Src/oled_ui.o
 .text.EaseInOutBack
                0x08007c58      0x114 ./Core/Src/oled_ui.o
 .text.EaseInSine
                0x08007d6c       0x40 ./Core/Src/oled_ui.o
 .text.EaseOutSine
                0x08007dac       0x34 ./Core/Src/oled_ui.o
 .text.EaseInOutSine
                0x08007de0       0x44 ./Core/Src/oled_ui.o
 .text.GetEaseValue
                0x08007e24      0x184 ./Core/Src/oled_ui.o
 .text.OLED_InitAnimation
                0x08007fa8       0x44 ./Core/Src/oled_ui.o
                0x08007fa8                OLED_InitAnimation
 .text.OLED_UpdateAnimation
                0x08007fec       0xba ./Core/Src/oled_ui.o
                0x08007fec                OLED_UpdateAnimation
 .text.OLED_GetAnimationValue
                0x080080a6       0x16 ./Core/Src/oled_ui.o
                0x080080a6                OLED_GetAnimationValue
 .text.OLED_InitAnimationManager
                0x080080bc       0x26 ./Core/Src/oled_ui.o
                0x080080bc                OLED_InitAnimationManager
 .text.OLED_FindTaggedAnimation
                0x080080e2       0x54 ./Core/Src/oled_ui.o
                0x080080e2                OLED_FindTaggedAnimation
 .text.OLED_GetObjectPosition
                0x08008136       0x48 ./Core/Src/oled_ui.o
                0x08008136                OLED_GetObjectPosition
 .text.OLED_MoveObject
                0x0800817e       0xa2 ./Core/Src/oled_ui.o
                0x0800817e                OLED_MoveObject
 .text.OLED_UpdateAnimationManager
                0x08008220       0xa0 ./Core/Src/oled_ui.o
                0x08008220                OLED_UpdateAnimationManager
 .text.OLED_GetAnimationStates
                0x080082c0       0x2c ./Core/Src/oled_ui.o
                0x080082c0                OLED_GetAnimationStates
 .text.OLED_DoTweenObject
                0x080082ec       0x7e ./Core/Src/oled_ui.o
                0x080082ec                OLED_DoTweenObject
 .text.OLED_MoveObjectAxis
                0x0800836a       0xbe ./Core/Src/oled_ui.o
                0x0800836a                OLED_MoveObjectAxis
 .text.OLED_DoTweenObjectX
                0x08008428       0x6a ./Core/Src/oled_ui.o
                0x08008428                OLED_DoTweenObjectX
 .text.OLED_DoTweenObjectY
                0x08008492       0x6a ./Core/Src/oled_ui.o
                0x08008492                OLED_DoTweenObjectY
 .text.OLED_DrawProgressBar
                0x080084fc       0x7c ./Core/Src/oled_ui.o
                0x080084fc                OLED_DrawProgressBar
 .text.OLED_DrawRectangle
                0x08008578      0x16a ./Core/Src/oled_ui.o
                0x08008578                OLED_DrawRectangle
 .text.OLED_DrawFilledRectangle
                0x080086e2      0x136 ./Core/Src/oled_ui.o
                0x080086e2                OLED_DrawFilledRectangle
 .text.OLED_DrawIcon
                0x08008818      0x148 ./Core/Src/oled_ui.o
                0x08008818                OLED_DrawIcon
 .text.MX_SPI2_Init
                0x08008960       0x6c ./Core/Src/spi.o
                0x08008960                MX_SPI2_Init
 .text.HAL_SPI_MspInit
                0x080089cc       0x98 ./Core/Src/spi.o
                0x080089cc                HAL_SPI_MspInit
 .text.HAL_MspInit
                0x08008a64       0x64 ./Core/Src/stm32f1xx_hal_msp.o
                0x08008a64                HAL_MspInit
 .text.NMI_Handler
                0x08008ac8        0x8 ./Core/Src/stm32f1xx_it.o
                0x08008ac8                NMI_Handler
 .text.HardFault_Handler
                0x08008ad0        0x8 ./Core/Src/stm32f1xx_it.o
                0x08008ad0                HardFault_Handler
 .text.MemManage_Handler
                0x08008ad8        0x8 ./Core/Src/stm32f1xx_it.o
                0x08008ad8                MemManage_Handler
 .text.BusFault_Handler
                0x08008ae0        0x8 ./Core/Src/stm32f1xx_it.o
                0x08008ae0                BusFault_Handler
 .text.UsageFault_Handler
                0x08008ae8        0x8 ./Core/Src/stm32f1xx_it.o
                0x08008ae8                UsageFault_Handler
 .text.SVC_Handler
                0x08008af0        0xc ./Core/Src/stm32f1xx_it.o
                0x08008af0                SVC_Handler
 .text.DebugMon_Handler
                0x08008afc        0xc ./Core/Src/stm32f1xx_it.o
                0x08008afc                DebugMon_Handler
 .text.PendSV_Handler
                0x08008b08        0xc ./Core/Src/stm32f1xx_it.o
                0x08008b08                PendSV_Handler
 .text.SysTick_Handler
                0x08008b14        0xc ./Core/Src/stm32f1xx_it.o
                0x08008b14                SysTick_Handler
 .text.DMA1_Channel6_IRQHandler
                0x08008b20       0x14 ./Core/Src/stm32f1xx_it.o
                0x08008b20                DMA1_Channel6_IRQHandler
 .text._getpid  0x08008b34        0xe ./Core/Src/syscalls.o
                0x08008b34                _getpid
 .text._kill    0x08008b42       0x20 ./Core/Src/syscalls.o
                0x08008b42                _kill
 .text._exit    0x08008b62       0x16 ./Core/Src/syscalls.o
                0x08008b62                _exit
 .text._read    0x08008b78       0x3a ./Core/Src/syscalls.o
                0x08008b78                _read
 .text._write   0x08008bb2       0x38 ./Core/Src/syscalls.o
                0x08008bb2                _write
 .text._close   0x08008bea       0x16 ./Core/Src/syscalls.o
                0x08008bea                _close
 .text._fstat   0x08008c00       0x1e ./Core/Src/syscalls.o
                0x08008c00                _fstat
 .text._isatty  0x08008c1e       0x14 ./Core/Src/syscalls.o
                0x08008c1e                _isatty
 .text._lseek   0x08008c32       0x18 ./Core/Src/syscalls.o
                0x08008c32                _lseek
 *fill*         0x08008c4a        0x2 
 .text._sbrk    0x08008c4c       0x6c ./Core/Src/sysmem.o
                0x08008c4c                _sbrk
 .text.SystemInit
                0x08008cb8        0xc ./Core/Src/system_stm32f1xx.o
                0x08008cb8                SystemInit
 .text.MX_TIM3_Init
                0x08008cc4       0xa8 ./Core/Src/tim.o
                0x08008cc4                MX_TIM3_Init
 .text.HAL_TIM_Encoder_MspInit
                0x08008d6c       0xa4 ./Core/Src/tim.o
                0x08008d6c                HAL_TIM_Encoder_MspInit
 .text.lz77_decompress
                0x08008e10      0x13a ./Core/Src/videoPlayer.o
                0x08008e10                lz77_decompress
 *fill*         0x08008f4a        0x2 
 .text.display_frame_oled
                0x08008f4c       0xa0 ./Core/Src/videoPlayer.o
                0x08008f4c                display_frame_oled
 .text.video_player_init
                0x08008fec       0x20 ./Core/Src/videoPlayer.o
                0x08008fec                video_player_init
 .text.play_video
                0x0800900c       0xc0 ./Core/Src/videoPlayer.o
                0x0800900c                play_video
 .text.video_fast_forward
                0x080090cc       0x48 ./Core/Src/videoPlayer.o
                0x080090cc                video_fast_forward
 .text.video_rewind
                0x08009114       0x48 ./Core/Src/videoPlayer.o
                0x08009114                video_rewind
 .text.get_target_frame_index
                0x0800915c      0x100 ./Core/Src/videoPlayer.o
                0x0800915c                get_target_frame_index
 .text.Reset_Handler
                0x0800925c       0x48 ./Core/Startup/startup_stm32f103c8tx.o
                0x0800925c                Reset_Handler
 .text.Default_Handler
                0x080092a4        0x2 ./Core/Startup/startup_stm32f103c8tx.o
                0x080092a4                RTC_Alarm_IRQHandler
                0x080092a4                EXTI2_IRQHandler
                0x080092a4                TIM1_CC_IRQHandler
                0x080092a4                PVD_IRQHandler
                0x080092a4                EXTI3_IRQHandler
                0x080092a4                EXTI0_IRQHandler
                0x080092a4                I2C2_EV_IRQHandler
                0x080092a4                ADC1_2_IRQHandler
                0x080092a4                SPI1_IRQHandler
                0x080092a4                TAMPER_IRQHandler
                0x080092a4                DMA1_Channel4_IRQHandler
                0x080092a4                USART3_IRQHandler
                0x080092a4                RTC_IRQHandler
                0x080092a4                DMA1_Channel7_IRQHandler
                0x080092a4                CAN1_RX1_IRQHandler
                0x080092a4                TIM4_IRQHandler
                0x080092a4                I2C1_EV_IRQHandler
                0x080092a4                TIM3_IRQHandler
                0x080092a4                RCC_IRQHandler
                0x080092a4                TIM1_TRG_COM_IRQHandler
                0x080092a4                DMA1_Channel1_IRQHandler
                0x080092a4                Default_Handler
                0x080092a4                EXTI15_10_IRQHandler
                0x080092a4                EXTI9_5_IRQHandler
                0x080092a4                SPI2_IRQHandler
                0x080092a4                DMA1_Channel5_IRQHandler
                0x080092a4                EXTI4_IRQHandler
                0x080092a4                USB_LP_CAN1_RX0_IRQHandler
                0x080092a4                USB_HP_CAN1_TX_IRQHandler
                0x080092a4                DMA1_Channel3_IRQHandler
                0x080092a4                TIM1_UP_IRQHandler
                0x080092a4                WWDG_IRQHandler
                0x080092a4                TIM2_IRQHandler
                0x080092a4                TIM1_BRK_IRQHandler
                0x080092a4                EXTI1_IRQHandler
                0x080092a4                USART2_IRQHandler
                0x080092a4                I2C2_ER_IRQHandler
                0x080092a4                DMA1_Channel2_IRQHandler
                0x080092a4                CAN1_SCE_IRQHandler
                0x080092a4                FLASH_IRQHandler
                0x080092a4                USART1_IRQHandler
                0x080092a4                I2C1_ER_IRQHandler
                0x080092a4                USBWakeUp_IRQHandler
 *fill*         0x080092a6        0x2 
 .text.HAL_Init
                0x080092a8       0x2c ./Drivers/STM32F1xx_HAL_Driver/Src/stm32f1xx_hal.o
                0x080092a8                HAL_Init
 .text.HAL_InitTick
                0x080092d4       0x60 ./Drivers/STM32F1xx_HAL_Driver/Src/stm32f1xx_hal.o
                0x080092d4                HAL_InitTick
 .text.HAL_IncTick
                0x08009334       0x24 ./Drivers/STM32F1xx_HAL_Driver/Src/stm32f1xx_hal.o
                0x08009334                HAL_IncTick
 .text.HAL_GetTick
                0x08009358       0x14 ./Drivers/STM32F1xx_HAL_Driver/Src/stm32f1xx_hal.o
                0x08009358                HAL_GetTick
 .text.HAL_Delay
                0x0800936c       0x48 ./Drivers/STM32F1xx_HAL_Driver/Src/stm32f1xx_hal.o
                0x0800936c                HAL_Delay
 .text.__NVIC_SetPriorityGrouping
                0x080093b4       0x48 ./Drivers/STM32F1xx_HAL_Driver/Src/stm32f1xx_hal_cortex.o
 .text.__NVIC_GetPriorityGrouping
                0x080093fc       0x1c ./Drivers/STM32F1xx_HAL_Driver/Src/stm32f1xx_hal_cortex.o
 .text.__NVIC_EnableIRQ
                0x08009418       0x38 ./Drivers/STM32F1xx_HAL_Driver/Src/stm32f1xx_hal_cortex.o
 .text.__NVIC_SetPriority
                0x08009450       0x54 ./Drivers/STM32F1xx_HAL_Driver/Src/stm32f1xx_hal_cortex.o
 .text.NVIC_EncodePriority
                0x080094a4       0x64 ./Drivers/STM32F1xx_HAL_Driver/Src/stm32f1xx_hal_cortex.o
 .text.SysTick_Config
                0x08009508       0x44 ./Drivers/STM32F1xx_HAL_Driver/Src/stm32f1xx_hal_cortex.o
 .text.HAL_NVIC_SetPriorityGrouping
                0x0800954c       0x16 ./Drivers/STM32F1xx_HAL_Driver/Src/stm32f1xx_hal_cortex.o
                0x0800954c                HAL_NVIC_SetPriorityGrouping
 .text.HAL_NVIC_SetPriority
                0x08009562       0x38 ./Drivers/STM32F1xx_HAL_Driver/Src/stm32f1xx_hal_cortex.o
                0x08009562                HAL_NVIC_SetPriority
 .text.HAL_NVIC_EnableIRQ
                0x0800959a       0x1c ./Drivers/STM32F1xx_HAL_Driver/Src/stm32f1xx_hal_cortex.o
                0x0800959a                HAL_NVIC_EnableIRQ
 .text.HAL_SYSTICK_Config
                0x080095b6       0x18 ./Drivers/STM32F1xx_HAL_Driver/Src/stm32f1xx_hal_cortex.o
                0x080095b6                HAL_SYSTICK_Config
 *fill*         0x080095ce        0x2 
 .text.HAL_DMA_Init
                0x080095d0       0xb4 ./Drivers/STM32F1xx_HAL_Driver/Src/stm32f1xx_hal_dma.o
                0x080095d0                HAL_DMA_Init
 .text.HAL_DMA_IRQHandler
                0x08009684      0x20c ./Drivers/STM32F1xx_HAL_Driver/Src/stm32f1xx_hal_dma.o
                0x08009684                HAL_DMA_IRQHandler
 .text.HAL_GPIO_Init
                0x08009890      0x308 ./Drivers/STM32F1xx_HAL_Driver/Src/stm32f1xx_hal_gpio.o
                0x08009890                HAL_GPIO_Init
 .text.HAL_GPIO_ReadPin
                0x08009b98       0x2e ./Drivers/STM32F1xx_HAL_Driver/Src/stm32f1xx_hal_gpio.o
                0x08009b98                HAL_GPIO_ReadPin
 .text.HAL_GPIO_WritePin
                0x08009bc6       0x30 ./Drivers/STM32F1xx_HAL_Driver/Src/stm32f1xx_hal_gpio.o
                0x08009bc6                HAL_GPIO_WritePin
 *fill*         0x08009bf6        0x2 
 .text.HAL_I2C_Init
                0x08009bf8      0x288 ./Drivers/STM32F1xx_HAL_Driver/Src/stm32f1xx_hal_i2c.o
                0x08009bf8                HAL_I2C_Init
 .text.HAL_I2C_Master_Transmit
                0x08009e80      0x1fc ./Drivers/STM32F1xx_HAL_Driver/Src/stm32f1xx_hal_i2c.o
                0x08009e80                HAL_I2C_Master_Transmit
 .text.I2C_MasterRequestWrite
                0x0800a07c      0x104 ./Drivers/STM32F1xx_HAL_Driver/Src/stm32f1xx_hal_i2c.o
 .text.I2C_WaitOnFlagUntilTimeout
                0x0800a180       0xf4 ./Drivers/STM32F1xx_HAL_Driver/Src/stm32f1xx_hal_i2c.o
 .text.I2C_WaitOnMasterAddressFlagUntilTimeout
                0x0800a274      0x140 ./Drivers/STM32F1xx_HAL_Driver/Src/stm32f1xx_hal_i2c.o
 .text.I2C_WaitOnTXEFlagUntilTimeout
                0x0800a3b4       0x90 ./Drivers/STM32F1xx_HAL_Driver/Src/stm32f1xx_hal_i2c.o
 .text.I2C_WaitOnBTFFlagUntilTimeout
                0x0800a444       0x90 ./Drivers/STM32F1xx_HAL_Driver/Src/stm32f1xx_hal_i2c.o
 .text.I2C_IsAcknowledgeFailed
                0x0800a4d4       0x5c ./Drivers/STM32F1xx_HAL_Driver/Src/stm32f1xx_hal_i2c.o
 .text.HAL_RCC_OscConfig
                0x0800a530      0x504 ./Drivers/STM32F1xx_HAL_Driver/Src/stm32f1xx_hal_rcc.o
                0x0800a530                HAL_RCC_OscConfig
 .text.HAL_RCC_ClockConfig
                0x0800aa34      0x1d4 ./Drivers/STM32F1xx_HAL_Driver/Src/stm32f1xx_hal_rcc.o
                0x0800aa34                HAL_RCC_ClockConfig
 .text.HAL_RCC_GetSysClockFreq
                0x0800ac08       0xa8 ./Drivers/STM32F1xx_HAL_Driver/Src/stm32f1xx_hal_rcc.o
                0x0800ac08                HAL_RCC_GetSysClockFreq
 .text.HAL_RCC_GetHCLKFreq
                0x0800acb0       0x14 ./Drivers/STM32F1xx_HAL_Driver/Src/stm32f1xx_hal_rcc.o
                0x0800acb0                HAL_RCC_GetHCLKFreq
 .text.HAL_RCC_GetPCLK1Freq
                0x0800acc4       0x28 ./Drivers/STM32F1xx_HAL_Driver/Src/stm32f1xx_hal_rcc.o
                0x0800acc4                HAL_RCC_GetPCLK1Freq
 .text.RCC_Delay
                0x0800acec       0x3c ./Drivers/STM32F1xx_HAL_Driver/Src/stm32f1xx_hal_rcc.o
 .text.HAL_SPI_Init
                0x0800ad28      0x108 ./Drivers/STM32F1xx_HAL_Driver/Src/stm32f1xx_hal_spi.o
                0x0800ad28                HAL_SPI_Init
 .text.HAL_SPI_Transmit
                0x0800ae30      0x288 ./Drivers/STM32F1xx_HAL_Driver/Src/stm32f1xx_hal_spi.o
                0x0800ae30                HAL_SPI_Transmit
 .text.HAL_SPI_Receive
                0x0800b0b8      0x232 ./Drivers/STM32F1xx_HAL_Driver/Src/stm32f1xx_hal_spi.o
                0x0800b0b8                HAL_SPI_Receive
 .text.HAL_SPI_TransmitReceive
                0x0800b2ea      0x352 ./Drivers/STM32F1xx_HAL_Driver/Src/stm32f1xx_hal_spi.o
                0x0800b2ea                HAL_SPI_TransmitReceive
 .text.SPI_WaitFlagStateUntilTimeout
                0x0800b63c      0x110 ./Drivers/STM32F1xx_HAL_Driver/Src/stm32f1xx_hal_spi.o
 .text.SPI_EndRxTransaction
                0x0800b74c       0xa4 ./Drivers/STM32F1xx_HAL_Driver/Src/stm32f1xx_hal_spi.o
 .text.SPI_EndRxTxTransaction
                0x0800b7f0       0x62 ./Drivers/STM32F1xx_HAL_Driver/Src/stm32f1xx_hal_spi.o
 .text.HAL_TIM_Encoder_Init
                0x0800b852      0x144 ./Drivers/STM32F1xx_HAL_Driver/Src/stm32f1xx_hal_tim.o
                0x0800b852                HAL_TIM_Encoder_Init
 .text.HAL_TIM_Encoder_Start
                0x0800b996      0x11c ./Drivers/STM32F1xx_HAL_Driver/Src/stm32f1xx_hal_tim.o
                0x0800b996                HAL_TIM_Encoder_Start
 *fill*         0x0800bab2        0x2 
 .text.TIM_Base_SetConfig
                0x0800bab4       0xdc ./Drivers/STM32F1xx_HAL_Driver/Src/stm32f1xx_hal_tim.o
                0x0800bab4                TIM_Base_SetConfig
 .text.TIM_CCxChannelCmd
                0x0800bb90       0x48 ./Drivers/STM32F1xx_HAL_Driver/Src/stm32f1xx_hal_tim.o
                0x0800bb90                TIM_CCxChannelCmd
 .text.HAL_TIMEx_MasterConfigSynchronization
                0x0800bbd8       0xbc ./Drivers/STM32F1xx_HAL_Driver/Src/stm32f1xx_hal_tim_ex.o
                0x0800bbd8                HAL_TIMEx_MasterConfigSynchronization
 .text.rand     0x0800bc94       0x7c D:/mcu/STM/STM32CubeIDE/plugins/com.st.stm32cube.ide.mcu.externaltools.gnu-tools-for-stm32.13.3.rel1.win32_1.0.0.202411081344/tools/bin/../lib/gcc/arm-none-eabi/13.3.1/../../../../arm-none-eabi/lib/thumb/v7-m/nofp\libc_nano.a(libc_a-rand.o)
                0x0800bc94                rand
 .text.std      0x0800bd10       0x6c D:/mcu/STM/STM32CubeIDE/plugins/com.st.stm32cube.ide.mcu.externaltools.gnu-tools-for-stm32.13.3.rel1.win32_1.0.0.202411081344/tools/bin/../lib/gcc/arm-none-eabi/13.3.1/../../../../arm-none-eabi/lib/thumb/v7-m/nofp\libc_nano.a(libc_a-findfp.o)
 .text.stdio_exit_handler
                0x0800bd7c       0x18 D:/mcu/STM/STM32CubeIDE/plugins/com.st.stm32cube.ide.mcu.externaltools.gnu-tools-for-stm32.13.3.rel1.win32_1.0.0.202411081344/tools/bin/../lib/gcc/arm-none-eabi/13.3.1/../../../../arm-none-eabi/lib/thumb/v7-m/nofp\libc_nano.a(libc_a-findfp.o)
 .text.cleanup_stdio
                0x0800bd94       0x40 D:/mcu/STM/STM32CubeIDE/plugins/com.st.stm32cube.ide.mcu.externaltools.gnu-tools-for-stm32.13.3.rel1.win32_1.0.0.202411081344/tools/bin/../lib/gcc/arm-none-eabi/13.3.1/../../../../arm-none-eabi/lib/thumb/v7-m/nofp\libc_nano.a(libc_a-findfp.o)
 .text.global_stdio_init.part.0
                0x0800bdd4       0x3c D:/mcu/STM/STM32CubeIDE/plugins/com.st.stm32cube.ide.mcu.externaltools.gnu-tools-for-stm32.13.3.rel1.win32_1.0.0.202411081344/tools/bin/../lib/gcc/arm-none-eabi/13.3.1/../../../../arm-none-eabi/lib/thumb/v7-m/nofp\libc_nano.a(libc_a-findfp.o)
 .text.__sfp_lock_acquire
                0x0800be10        0xc D:/mcu/STM/STM32CubeIDE/plugins/com.st.stm32cube.ide.mcu.externaltools.gnu-tools-for-stm32.13.3.rel1.win32_1.0.0.202411081344/tools/bin/../lib/gcc/arm-none-eabi/13.3.1/../../../../arm-none-eabi/lib/thumb/v7-m/nofp\libc_nano.a(libc_a-findfp.o)
                0x0800be10                __sfp_lock_acquire
 .text.__sfp_lock_release
                0x0800be1c        0xc D:/mcu/STM/STM32CubeIDE/plugins/com.st.stm32cube.ide.mcu.externaltools.gnu-tools-for-stm32.13.3.rel1.win32_1.0.0.202411081344/tools/bin/../lib/gcc/arm-none-eabi/13.3.1/../../../../arm-none-eabi/lib/thumb/v7-m/nofp\libc_nano.a(libc_a-findfp.o)
                0x0800be1c                __sfp_lock_release
 .text.__sinit  0x0800be28       0x30 D:/mcu/STM/STM32CubeIDE/plugins/com.st.stm32cube.ide.mcu.externaltools.gnu-tools-for-stm32.13.3.rel1.win32_1.0.0.202411081344/tools/bin/../lib/gcc/arm-none-eabi/13.3.1/../../../../arm-none-eabi/lib/thumb/v7-m/nofp\libc_nano.a(libc_a-findfp.o)
                0x0800be28                __sinit
 .text._fwalk_sglue
                0x0800be58       0x3c D:/mcu/STM/STM32CubeIDE/plugins/com.st.stm32cube.ide.mcu.externaltools.gnu-tools-for-stm32.13.3.rel1.win32_1.0.0.202411081344/tools/bin/../lib/gcc/arm-none-eabi/13.3.1/../../../../arm-none-eabi/lib/thumb/v7-m/nofp\libc_nano.a(libc_a-fwalk.o)
                0x0800be58                _fwalk_sglue
 .text.sprintf  0x0800be94       0x44 D:/mcu/STM/STM32CubeIDE/plugins/com.st.stm32cube.ide.mcu.externaltools.gnu-tools-for-stm32.13.3.rel1.win32_1.0.0.202411081344/tools/bin/../lib/gcc/arm-none-eabi/13.3.1/../../../../arm-none-eabi/lib/thumb/v7-m/nofp\libc_nano.a(libc_a-sprintf.o)
                0x0800be94                siprintf
                0x0800be94                sprintf
 .text.__sread  0x0800bed8       0x22 D:/mcu/STM/STM32CubeIDE/plugins/com.st.stm32cube.ide.mcu.externaltools.gnu-tools-for-stm32.13.3.rel1.win32_1.0.0.202411081344/tools/bin/../lib/gcc/arm-none-eabi/13.3.1/../../../../arm-none-eabi/lib/thumb/v7-m/nofp\libc_nano.a(libc_a-stdio.o)
                0x0800bed8                __sread
 .text.__swrite
                0x0800befa       0x38 D:/mcu/STM/STM32CubeIDE/plugins/com.st.stm32cube.ide.mcu.externaltools.gnu-tools-for-stm32.13.3.rel1.win32_1.0.0.202411081344/tools/bin/../lib/gcc/arm-none-eabi/13.3.1/../../../../arm-none-eabi/lib/thumb/v7-m/nofp\libc_nano.a(libc_a-stdio.o)
                0x0800befa                __swrite
 .text.__sseek  0x0800bf32       0x24 D:/mcu/STM/STM32CubeIDE/plugins/com.st.stm32cube.ide.mcu.externaltools.gnu-tools-for-stm32.13.3.rel1.win32_1.0.0.202411081344/tools/bin/../lib/gcc/arm-none-eabi/13.3.1/../../../../arm-none-eabi/lib/thumb/v7-m/nofp\libc_nano.a(libc_a-stdio.o)
                0x0800bf32                __sseek
 .text.__sclose
                0x0800bf56        0x8 D:/mcu/STM/STM32CubeIDE/plugins/com.st.stm32cube.ide.mcu.externaltools.gnu-tools-for-stm32.13.3.rel1.win32_1.0.0.202411081344/tools/bin/../lib/gcc/arm-none-eabi/13.3.1/../../../../arm-none-eabi/lib/thumb/v7-m/nofp\libc_nano.a(libc_a-stdio.o)
                0x0800bf56                __sclose
 .text.memset   0x0800bf5e       0x10 D:/mcu/STM/STM32CubeIDE/plugins/com.st.stm32cube.ide.mcu.externaltools.gnu-tools-for-stm32.13.3.rel1.win32_1.0.0.202411081344/tools/bin/../lib/gcc/arm-none-eabi/13.3.1/../../../../arm-none-eabi/lib/thumb/v7-m/nofp\libc_nano.a(libc_a-memset.o)
                0x0800bf5e                memset
 .text.strncpy  0x0800bf6e       0x26 D:/mcu/STM/STM32CubeIDE/plugins/com.st.stm32cube.ide.mcu.externaltools.gnu-tools-for-stm32.13.3.rel1.win32_1.0.0.202411081344/tools/bin/../lib/gcc/arm-none-eabi/13.3.1/../../../../arm-none-eabi/lib/thumb/v7-m/nofp\libc_nano.a(libc_a-strncpy.o)
                0x0800bf6e                strncpy
 .text._close_r
                0x0800bf94       0x20 D:/mcu/STM/STM32CubeIDE/plugins/com.st.stm32cube.ide.mcu.externaltools.gnu-tools-for-stm32.13.3.rel1.win32_1.0.0.202411081344/tools/bin/../lib/gcc/arm-none-eabi/13.3.1/../../../../arm-none-eabi/lib/thumb/v7-m/nofp\libc_nano.a(libc_a-closer.o)
                0x0800bf94                _close_r
 .text._lseek_r
                0x0800bfb4       0x24 D:/mcu/STM/STM32CubeIDE/plugins/com.st.stm32cube.ide.mcu.externaltools.gnu-tools-for-stm32.13.3.rel1.win32_1.0.0.202411081344/tools/bin/../lib/gcc/arm-none-eabi/13.3.1/../../../../arm-none-eabi/lib/thumb/v7-m/nofp\libc_nano.a(libc_a-lseekr.o)
                0x0800bfb4                _lseek_r
 .text._read_r  0x0800bfd8       0x24 D:/mcu/STM/STM32CubeIDE/plugins/com.st.stm32cube.ide.mcu.externaltools.gnu-tools-for-stm32.13.3.rel1.win32_1.0.0.202411081344/tools/bin/../lib/gcc/arm-none-eabi/13.3.1/../../../../arm-none-eabi/lib/thumb/v7-m/nofp\libc_nano.a(libc_a-readr.o)
                0x0800bfd8                _read_r
 .text._write_r
                0x0800bffc       0x24 D:/mcu/STM/STM32CubeIDE/plugins/com.st.stm32cube.ide.mcu.externaltools.gnu-tools-for-stm32.13.3.rel1.win32_1.0.0.202411081344/tools/bin/../lib/gcc/arm-none-eabi/13.3.1/../../../../arm-none-eabi/lib/thumb/v7-m/nofp\libc_nano.a(libc_a-writer.o)
                0x0800bffc                _write_r
 .text.__errno  0x0800c020        0xc D:/mcu/STM/STM32CubeIDE/plugins/com.st.stm32cube.ide.mcu.externaltools.gnu-tools-for-stm32.13.3.rel1.win32_1.0.0.202411081344/tools/bin/../lib/gcc/arm-none-eabi/13.3.1/../../../../arm-none-eabi/lib/thumb/v7-m/nofp\libc_nano.a(libc_a-errno.o)
                0x0800c020                __errno
 .text.__libc_init_array
                0x0800c02c       0x48 D:/mcu/STM/STM32CubeIDE/plugins/com.st.stm32cube.ide.mcu.externaltools.gnu-tools-for-stm32.13.3.rel1.win32_1.0.0.202411081344/tools/bin/../lib/gcc/arm-none-eabi/13.3.1/../../../../arm-none-eabi/lib/thumb/v7-m/nofp\libc_nano.a(libc_a-init.o)
                0x0800c02c                __libc_init_array
 .text.__retarget_lock_init_recursive
                0x0800c074        0x2 D:/mcu/STM/STM32CubeIDE/plugins/com.st.stm32cube.ide.mcu.externaltools.gnu-tools-for-stm32.13.3.rel1.win32_1.0.0.202411081344/tools/bin/../lib/gcc/arm-none-eabi/13.3.1/../../../../arm-none-eabi/lib/thumb/v7-m/nofp\libc_nano.a(libc_a-lock.o)
                0x0800c074                __retarget_lock_init_recursive
 .text.__retarget_lock_acquire_recursive
                0x0800c076        0x2 D:/mcu/STM/STM32CubeIDE/plugins/com.st.stm32cube.ide.mcu.externaltools.gnu-tools-for-stm32.13.3.rel1.win32_1.0.0.202411081344/tools/bin/../lib/gcc/arm-none-eabi/13.3.1/../../../../arm-none-eabi/lib/thumb/v7-m/nofp\libc_nano.a(libc_a-lock.o)
                0x0800c076                __retarget_lock_acquire_recursive
 .text.__retarget_lock_release_recursive
                0x0800c078        0x2 D:/mcu/STM/STM32CubeIDE/plugins/com.st.stm32cube.ide.mcu.externaltools.gnu-tools-for-stm32.13.3.rel1.win32_1.0.0.202411081344/tools/bin/../lib/gcc/arm-none-eabi/13.3.1/../../../../arm-none-eabi/lib/thumb/v7-m/nofp\libc_nano.a(libc_a-lock.o)
                0x0800c078                __retarget_lock_release_recursive
 .text.memcpy   0x0800c07a       0x1c D:/mcu/STM/STM32CubeIDE/plugins/com.st.stm32cube.ide.mcu.externaltools.gnu-tools-for-stm32.13.3.rel1.win32_1.0.0.202411081344/tools/bin/../lib/gcc/arm-none-eabi/13.3.1/../../../../arm-none-eabi/lib/thumb/v7-m/nofp\libc_nano.a(libc_a-memcpy-stub.o)
                0x0800c07a                memcpy
 *fill*         0x0800c096        0x2 
 .text.__assert_func
                0x0800c098       0x3c D:/mcu/STM/STM32CubeIDE/plugins/com.st.stm32cube.ide.mcu.externaltools.gnu-tools-for-stm32.13.3.rel1.win32_1.0.0.202411081344/tools/bin/../lib/gcc/arm-none-eabi/13.3.1/../../../../arm-none-eabi/lib/thumb/v7-m/nofp\libc_nano.a(libc_a-assert.o)
                0x0800c098                __assert_func
 .text._free_r  0x0800c0d4       0x90 D:/mcu/STM/STM32CubeIDE/plugins/com.st.stm32cube.ide.mcu.externaltools.gnu-tools-for-stm32.13.3.rel1.win32_1.0.0.202411081344/tools/bin/../lib/gcc/arm-none-eabi/13.3.1/../../../../arm-none-eabi/lib/thumb/v7-m/nofp\libc_nano.a(libc_a-freer.o)
                0x0800c0d4                _free_r
 .text.malloc   0x0800c164       0x10 D:/mcu/STM/STM32CubeIDE/plugins/com.st.stm32cube.ide.mcu.externaltools.gnu-tools-for-stm32.13.3.rel1.win32_1.0.0.202411081344/tools/bin/../lib/gcc/arm-none-eabi/13.3.1/../../../../arm-none-eabi/lib/thumb/v7-m/nofp\libc_nano.a(libc_a-malloc.o)
                0x0800c164                malloc
 .text.sbrk_aligned
                0x0800c174       0x44 D:/mcu/STM/STM32CubeIDE/plugins/com.st.stm32cube.ide.mcu.externaltools.gnu-tools-for-stm32.13.3.rel1.win32_1.0.0.202411081344/tools/bin/../lib/gcc/arm-none-eabi/13.3.1/../../../../arm-none-eabi/lib/thumb/v7-m/nofp\libc_nano.a(libc_a-mallocr.o)
 .text._malloc_r
                0x0800c1b8      0x100 D:/mcu/STM/STM32CubeIDE/plugins/com.st.stm32cube.ide.mcu.externaltools.gnu-tools-for-stm32.13.3.rel1.win32_1.0.0.202411081344/tools/bin/../lib/gcc/arm-none-eabi/13.3.1/../../../../arm-none-eabi/lib/thumb/v7-m/nofp\libc_nano.a(libc_a-mallocr.o)
                0x0800c1b8                _malloc_r
 .text.__malloc_lock
                0x0800c2b8        0xc D:/mcu/STM/STM32CubeIDE/plugins/com.st.stm32cube.ide.mcu.externaltools.gnu-tools-for-stm32.13.3.rel1.win32_1.0.0.202411081344/tools/bin/../lib/gcc/arm-none-eabi/13.3.1/../../../../arm-none-eabi/lib/thumb/v7-m/nofp\libc_nano.a(libc_a-mlock.o)
                0x0800c2b8                __malloc_lock
 .text.__malloc_unlock
                0x0800c2c4        0xc D:/mcu/STM/STM32CubeIDE/plugins/com.st.stm32cube.ide.mcu.externaltools.gnu-tools-for-stm32.13.3.rel1.win32_1.0.0.202411081344/tools/bin/../lib/gcc/arm-none-eabi/13.3.1/../../../../arm-none-eabi/lib/thumb/v7-m/nofp\libc_nano.a(libc_a-mlock.o)
                0x0800c2c4                __malloc_unlock
 .text.__ssputs_r
                0x0800c2d0       0xb6 D:/mcu/STM/STM32CubeIDE/plugins/com.st.stm32cube.ide.mcu.externaltools.gnu-tools-for-stm32.13.3.rel1.win32_1.0.0.202411081344/tools/bin/../lib/gcc/arm-none-eabi/13.3.1/../../../../arm-none-eabi/lib/thumb/v7-m/nofp\libc_nano.a(libc_a-nano-svfprintf.o)
                0x0800c2d0                __ssputs_r
 *fill*         0x0800c386        0x2 
 .text._svfprintf_r
                0x0800c388      0x1f8 D:/mcu/STM/STM32CubeIDE/plugins/com.st.stm32cube.ide.mcu.externaltools.gnu-tools-for-stm32.13.3.rel1.win32_1.0.0.202411081344/tools/bin/../lib/gcc/arm-none-eabi/13.3.1/../../../../arm-none-eabi/lib/thumb/v7-m/nofp\libc_nano.a(libc_a-nano-svfprintf.o)
                0x0800c388                _svfiprintf_r
                0x0800c388                _svfprintf_r
 .text._printf_common
                0x0800c580       0xe4 D:/mcu/STM/STM32CubeIDE/plugins/com.st.stm32cube.ide.mcu.externaltools.gnu-tools-for-stm32.13.3.rel1.win32_1.0.0.202411081344/tools/bin/../lib/gcc/arm-none-eabi/13.3.1/../../../../arm-none-eabi/lib/thumb/v7-m/nofp\libc_nano.a(libc_a-nano-vfprintf_i.o)
                0x0800c580                _printf_common
 .text._printf_i
                0x0800c664      0x23c D:/mcu/STM/STM32CubeIDE/plugins/com.st.stm32cube.ide.mcu.externaltools.gnu-tools-for-stm32.13.3.rel1.win32_1.0.0.202411081344/tools/bin/../lib/gcc/arm-none-eabi/13.3.1/../../../../arm-none-eabi/lib/thumb/v7-m/nofp\libc_nano.a(libc_a-nano-vfprintf_i.o)
                0x0800c664                _printf_i
 .text.__sflush_r
                0x0800c8a0      0x100 D:/mcu/STM/STM32CubeIDE/plugins/com.st.stm32cube.ide.mcu.externaltools.gnu-tools-for-stm32.13.3.rel1.win32_1.0.0.202411081344/tools/bin/../lib/gcc/arm-none-eabi/13.3.1/../../../../arm-none-eabi/lib/thumb/v7-m/nofp\libc_nano.a(libc_a-fflush.o)
                0x0800c8a0                __sflush_r
 .text._fflush_r
                0x0800c9a0       0x50 D:/mcu/STM/STM32CubeIDE/plugins/com.st.stm32cube.ide.mcu.externaltools.gnu-tools-for-stm32.13.3.rel1.win32_1.0.0.202411081344/tools/bin/../lib/gcc/arm-none-eabi/13.3.1/../../../../arm-none-eabi/lib/thumb/v7-m/nofp\libc_nano.a(libc_a-fflush.o)
                0x0800c9a0                _fflush_r
 .text.fprintf  0x0800c9f0       0x24 D:/mcu/STM/STM32CubeIDE/plugins/com.st.stm32cube.ide.mcu.externaltools.gnu-tools-for-stm32.13.3.rel1.win32_1.0.0.202411081344/tools/bin/../lib/gcc/arm-none-eabi/13.3.1/../../../../arm-none-eabi/lib/thumb/v7-m/nofp\libc_nano.a(libc_a-fprintf.o)
                0x0800c9f0                fiprintf
                0x0800c9f0                fprintf
 .text.memmove  0x0800ca14       0x34 D:/mcu/STM/STM32CubeIDE/plugins/com.st.stm32cube.ide.mcu.externaltools.gnu-tools-for-stm32.13.3.rel1.win32_1.0.0.202411081344/tools/bin/../lib/gcc/arm-none-eabi/13.3.1/../../../../arm-none-eabi/lib/thumb/v7-m/nofp\libc_nano.a(libc_a-memmove.o)
                0x0800ca14                memmove
 .text._sbrk_r  0x0800ca48       0x20 D:/mcu/STM/STM32CubeIDE/plugins/com.st.stm32cube.ide.mcu.externaltools.gnu-tools-for-stm32.13.3.rel1.win32_1.0.0.202411081344/tools/bin/../lib/gcc/arm-none-eabi/13.3.1/../../../../arm-none-eabi/lib/thumb/v7-m/nofp\libc_nano.a(libc_a-sbrkr.o)
                0x0800ca48                _sbrk_r
 .text.memchr   0x0800ca68       0x1c D:/mcu/STM/STM32CubeIDE/plugins/com.st.stm32cube.ide.mcu.externaltools.gnu-tools-for-stm32.13.3.rel1.win32_1.0.0.202411081344/tools/bin/../lib/gcc/arm-none-eabi/13.3.1/../../../../arm-none-eabi/lib/thumb/v7-m/nofp\libc_nano.a(libc_a-memchr-stub.o)
                0x0800ca68                memchr
 .text.abort    0x0800ca84        0xe D:/mcu/STM/STM32CubeIDE/plugins/com.st.stm32cube.ide.mcu.externaltools.gnu-tools-for-stm32.13.3.rel1.win32_1.0.0.202411081344/tools/bin/../lib/gcc/arm-none-eabi/13.3.1/../../../../arm-none-eabi/lib/thumb/v7-m/nofp\libc_nano.a(libc_a-abort.o)
                0x0800ca84                abort
 .text._realloc_r
                0x0800ca92       0x5c D:/mcu/STM/STM32CubeIDE/plugins/com.st.stm32cube.ide.mcu.externaltools.gnu-tools-for-stm32.13.3.rel1.win32_1.0.0.202411081344/tools/bin/../lib/gcc/arm-none-eabi/13.3.1/../../../../arm-none-eabi/lib/thumb/v7-m/nofp\libc_nano.a(libc_a-reallocr.o)
                0x0800ca92                _realloc_r
 .text.__sfputc_r
                0x0800caee       0x2a D:/mcu/STM/STM32CubeIDE/plugins/com.st.stm32cube.ide.mcu.externaltools.gnu-tools-for-stm32.13.3.rel1.win32_1.0.0.202411081344/tools/bin/../lib/gcc/arm-none-eabi/13.3.1/../../../../arm-none-eabi/lib/thumb/v7-m/nofp\libc_nano.a(libc_a-nano-vfprintf.o)
 .text.__sfputs_r
                0x0800cb18       0x24 D:/mcu/STM/STM32CubeIDE/plugins/com.st.stm32cube.ide.mcu.externaltools.gnu-tools-for-stm32.13.3.rel1.win32_1.0.0.202411081344/tools/bin/../lib/gcc/arm-none-eabi/13.3.1/../../../../arm-none-eabi/lib/thumb/v7-m/nofp\libc_nano.a(libc_a-nano-vfprintf.o)
                0x0800cb18                __sfputs_r
 .text._vfprintf_r
                0x0800cb3c      0x230 D:/mcu/STM/STM32CubeIDE/plugins/com.st.stm32cube.ide.mcu.externaltools.gnu-tools-for-stm32.13.3.rel1.win32_1.0.0.202411081344/tools/bin/../lib/gcc/arm-none-eabi/13.3.1/../../../../arm-none-eabi/lib/thumb/v7-m/nofp\libc_nano.a(libc_a-nano-vfprintf.o)
                0x0800cb3c                _vfprintf_r
                0x0800cb3c                _vfiprintf_r
 .text.__swbuf_r
                0x0800cd6c       0x7c D:/mcu/STM/STM32CubeIDE/plugins/com.st.stm32cube.ide.mcu.externaltools.gnu-tools-for-stm32.13.3.rel1.win32_1.0.0.202411081344/tools/bin/../lib/gcc/arm-none-eabi/13.3.1/../../../../arm-none-eabi/lib/thumb/v7-m/nofp\libc_nano.a(libc_a-wbuf.o)
                0x0800cd6c                __swbuf_r
 .text.__swsetup_r
                0x0800cde8       0xac D:/mcu/STM/STM32CubeIDE/plugins/com.st.stm32cube.ide.mcu.externaltools.gnu-tools-for-stm32.13.3.rel1.win32_1.0.0.202411081344/tools/bin/../lib/gcc/arm-none-eabi/13.3.1/../../../../arm-none-eabi/lib/thumb/v7-m/nofp\libc_nano.a(libc_a-wsetup.o)
                0x0800cde8                __swsetup_r
 .text._raise_r
                0x0800ce94       0x50 D:/mcu/STM/STM32CubeIDE/plugins/com.st.stm32cube.ide.mcu.externaltools.gnu-tools-for-stm32.13.3.rel1.win32_1.0.0.202411081344/tools/bin/../lib/gcc/arm-none-eabi/13.3.1/../../../../arm-none-eabi/lib/thumb/v7-m/nofp\libc_nano.a(libc_a-signal.o)
                0x0800ce94                _raise_r
 .text.raise    0x0800cee4       0x10 D:/mcu/STM/STM32CubeIDE/plugins/com.st.stm32cube.ide.mcu.externaltools.gnu-tools-for-stm32.13.3.rel1.win32_1.0.0.202411081344/tools/bin/../lib/gcc/arm-none-eabi/13.3.1/../../../../arm-none-eabi/lib/thumb/v7-m/nofp\libc_nano.a(libc_a-signal.o)
                0x0800cee4                raise
 .text._kill_r  0x0800cef4       0x24 D:/mcu/STM/STM32CubeIDE/plugins/com.st.stm32cube.ide.mcu.externaltools.gnu-tools-for-stm32.13.3.rel1.win32_1.0.0.202411081344/tools/bin/../lib/gcc/arm-none-eabi/13.3.1/../../../../arm-none-eabi/lib/thumb/v7-m/nofp\libc_nano.a(libc_a-signalr.o)
                0x0800cef4                _kill_r
 .text._getpid_r
                0x0800cf18        0x4 D:/mcu/STM/STM32CubeIDE/plugins/com.st.stm32cube.ide.mcu.externaltools.gnu-tools-for-stm32.13.3.rel1.win32_1.0.0.202411081344/tools/bin/../lib/gcc/arm-none-eabi/13.3.1/../../../../arm-none-eabi/lib/thumb/v7-m/nofp\libc_nano.a(libc_a-signalr.o)
                0x0800cf18                _getpid_r
 .text._malloc_usable_size_r
                0x0800cf1c       0x10 D:/mcu/STM/STM32CubeIDE/plugins/com.st.stm32cube.ide.mcu.externaltools.gnu-tools-for-stm32.13.3.rel1.win32_1.0.0.202411081344/tools/bin/../lib/gcc/arm-none-eabi/13.3.1/../../../../arm-none-eabi/lib/thumb/v7-m/nofp\libc_nano.a(libc_a-msizer.o)
                0x0800cf1c                _malloc_usable_size_r
 .text.__swhatbuf_r
                0x0800cf2c       0x4a D:/mcu/STM/STM32CubeIDE/plugins/com.st.stm32cube.ide.mcu.externaltools.gnu-tools-for-stm32.13.3.rel1.win32_1.0.0.202411081344/tools/bin/../lib/gcc/arm-none-eabi/13.3.1/../../../../arm-none-eabi/lib/thumb/v7-m/nofp\libc_nano.a(libc_a-makebuf.o)
                0x0800cf2c                __swhatbuf_r
 .text.__smakebuf_r
                0x0800cf76       0x78 D:/mcu/STM/STM32CubeIDE/plugins/com.st.stm32cube.ide.mcu.externaltools.gnu-tools-for-stm32.13.3.rel1.win32_1.0.0.202411081344/tools/bin/../lib/gcc/arm-none-eabi/13.3.1/../../../../arm-none-eabi/lib/thumb/v7-m/nofp\libc_nano.a(libc_a-makebuf.o)
                0x0800cf76                __smakebuf_r
 *fill*         0x0800cfee        0x2 
 .text._fstat_r
                0x0800cff0       0x24 D:/mcu/STM/STM32CubeIDE/plugins/com.st.stm32cube.ide.mcu.externaltools.gnu-tools-for-stm32.13.3.rel1.win32_1.0.0.202411081344/tools/bin/../lib/gcc/arm-none-eabi/13.3.1/../../../../arm-none-eabi/lib/thumb/v7-m/nofp\libc_nano.a(libc_a-fstatr.o)
                0x0800cff0                _fstat_r
 .text._isatty_r
                0x0800d014       0x20 D:/mcu/STM/STM32CubeIDE/plugins/com.st.stm32cube.ide.mcu.externaltools.gnu-tools-for-stm32.13.3.rel1.win32_1.0.0.202411081344/tools/bin/../lib/gcc/arm-none-eabi/13.3.1/../../../../arm-none-eabi/lib/thumb/v7-m/nofp\libc_nano.a(libc_a-isattyr.o)
                0x0800d014                _isatty_r
 .text.powf     0x0800d034       0x9a D:/mcu/STM/STM32CubeIDE/plugins/com.st.stm32cube.ide.mcu.externaltools.gnu-tools-for-stm32.13.3.rel1.win32_1.0.0.202411081344/tools/bin/../lib/gcc/arm-none-eabi/13.3.1/../../../../arm-none-eabi/lib/thumb/v7-m/nofp\libm.a(libm_a-wf_pow.o)
                0x0800d034                powf
 .text.sqrtf    0x0800d0ce       0x34 D:/mcu/STM/STM32CubeIDE/plugins/com.st.stm32cube.ide.mcu.externaltools.gnu-tools-for-stm32.13.3.rel1.win32_1.0.0.202411081344/tools/bin/../lib/gcc/arm-none-eabi/13.3.1/../../../../arm-none-eabi/lib/thumb/v7-m/nofp\libm.a(libm_a-wf_sqrt.o)
                0x0800d0ce                sqrtf
 *fill*         0x0800d102        0x2 
 .text.cosf     0x0800d104       0x70 D:/mcu/STM/STM32CubeIDE/plugins/com.st.stm32cube.ide.mcu.externaltools.gnu-tools-for-stm32.13.3.rel1.win32_1.0.0.202411081344/tools/bin/../lib/gcc/arm-none-eabi/13.3.1/../../../../arm-none-eabi/lib/thumb/v7-m/nofp\libm.a(libm_a-sf_cos.o)
                0x0800d104                cosf
 .text.sinf     0x0800d174       0x74 D:/mcu/STM/STM32CubeIDE/plugins/com.st.stm32cube.ide.mcu.externaltools.gnu-tools-for-stm32.13.3.rel1.win32_1.0.0.202411081344/tools/bin/../lib/gcc/arm-none-eabi/13.3.1/../../../../arm-none-eabi/lib/thumb/v7-m/nofp\libm.a(libm_a-sf_sin.o)
                0x0800d174                sinf
 .text.finitef  0x0800d1e8       0x10 D:/mcu/STM/STM32CubeIDE/plugins/com.st.stm32cube.ide.mcu.externaltools.gnu-tools-for-stm32.13.3.rel1.win32_1.0.0.202411081344/tools/bin/../lib/gcc/arm-none-eabi/13.3.1/../../../../arm-none-eabi/lib/thumb/v7-m/nofp\libm.a(libm_a-sf_finite.o)
                0x0800d1e8                finitef
 .text.__ieee754_sqrtf
                0x0800d1f8       0xe0 D:/mcu/STM/STM32CubeIDE/plugins/com.st.stm32cube.ide.mcu.externaltools.gnu-tools-for-stm32.13.3.rel1.win32_1.0.0.202411081344/tools/bin/../lib/gcc/arm-none-eabi/13.3.1/../../../../arm-none-eabi/lib/thumb/v7-m/nofp\libm.a(libm_a-ef_sqrt.o)
                0x0800d1f8                __ieee754_sqrtf
 .text.__kernel_cosf
                0x0800d2d8      0x100 D:/mcu/STM/STM32CubeIDE/plugins/com.st.stm32cube.ide.mcu.externaltools.gnu-tools-for-stm32.13.3.rel1.win32_1.0.0.202411081344/tools/bin/../lib/gcc/arm-none-eabi/13.3.1/../../../../arm-none-eabi/lib/thumb/v7-m/nofp\libm.a(libm_a-kf_cos.o)
                0x0800d2d8                __kernel_cosf
 .text.__kernel_sinf
                0x0800d3d8       0xec D:/mcu/STM/STM32CubeIDE/plugins/com.st.stm32cube.ide.mcu.externaltools.gnu-tools-for-stm32.13.3.rel1.win32_1.0.0.202411081344/tools/bin/../lib/gcc/arm-none-eabi/13.3.1/../../../../arm-none-eabi/lib/thumb/v7-m/nofp\libm.a(libm_a-kf_sin.o)
                0x0800d3d8                __kernel_sinf
 .text.__ieee754_powf
                0x0800d4c4      0x6c0 D:/mcu/STM/STM32CubeIDE/plugins/com.st.stm32cube.ide.mcu.externaltools.gnu-tools-for-stm32.13.3.rel1.win32_1.0.0.202411081344/tools/bin/../lib/gcc/arm-none-eabi/13.3.1/../../../../arm-none-eabi/lib/thumb/v7-m/nofp\libm.a(libm_a-ef_pow.o)
                0x0800d4c4                __ieee754_powf
 .text.__ieee754_rem_pio2f
                0x0800db84      0x2cc D:/mcu/STM/STM32CubeIDE/plugins/com.st.stm32cube.ide.mcu.externaltools.gnu-tools-for-stm32.13.3.rel1.win32_1.0.0.202411081344/tools/bin/../lib/gcc/arm-none-eabi/13.3.1/../../../../arm-none-eabi/lib/thumb/v7-m/nofp\libm.a(libm_a-ef_rem_pio2.o)
                0x0800db84                __ieee754_rem_pio2f
 .text.fabsf    0x0800de50        0x6 D:/mcu/STM/STM32CubeIDE/plugins/com.st.stm32cube.ide.mcu.externaltools.gnu-tools-for-stm32.13.3.rel1.win32_1.0.0.202411081344/tools/bin/../lib/gcc/arm-none-eabi/13.3.1/../../../../arm-none-eabi/lib/thumb/v7-m/nofp\libm.a(libm_a-sf_fabs.o)
                0x0800de50                fabsf
 *fill*         0x0800de56        0x2 
 .text.scalbnf  0x0800de58       0x98 D:/mcu/STM/STM32CubeIDE/plugins/com.st.stm32cube.ide.mcu.externaltools.gnu-tools-for-stm32.13.3.rel1.win32_1.0.0.202411081344/tools/bin/../lib/gcc/arm-none-eabi/13.3.1/../../../../arm-none-eabi/lib/thumb/v7-m/nofp\libm.a(libm_a-sf_scalbn.o)
                0x0800de58                scalbnf
 .text.with_errnof
                0x0800def0       0x10 D:/mcu/STM/STM32CubeIDE/plugins/com.st.stm32cube.ide.mcu.externaltools.gnu-tools-for-stm32.13.3.rel1.win32_1.0.0.202411081344/tools/bin/../lib/gcc/arm-none-eabi/13.3.1/../../../../arm-none-eabi/lib/thumb/v7-m/nofp\libm.a(libm_a-math_errf.o)
 .text.xflowf   0x0800df00       0x1a D:/mcu/STM/STM32CubeIDE/plugins/com.st.stm32cube.ide.mcu.externaltools.gnu-tools-for-stm32.13.3.rel1.win32_1.0.0.202411081344/tools/bin/../lib/gcc/arm-none-eabi/13.3.1/../../../../arm-none-eabi/lib/thumb/v7-m/nofp\libm.a(libm_a-math_errf.o)
 .text.__math_uflowf
                0x0800df1a        0x8 D:/mcu/STM/STM32CubeIDE/plugins/com.st.stm32cube.ide.mcu.externaltools.gnu-tools-for-stm32.13.3.rel1.win32_1.0.0.202411081344/tools/bin/../lib/gcc/arm-none-eabi/13.3.1/../../../../arm-none-eabi/lib/thumb/v7-m/nofp\libm.a(libm_a-math_errf.o)
                0x0800df1a                __math_uflowf
 .text.__math_oflowf
                0x0800df22        0x8 D:/mcu/STM/STM32CubeIDE/plugins/com.st.stm32cube.ide.mcu.externaltools.gnu-tools-for-stm32.13.3.rel1.win32_1.0.0.202411081344/tools/bin/../lib/gcc/arm-none-eabi/13.3.1/../../../../arm-none-eabi/lib/thumb/v7-m/nofp\libm.a(libm_a-math_errf.o)
                0x0800df22                __math_oflowf
 *fill*         0x0800df2a        0x2 
 .text.__kernel_rem_pio2f
                0x0800df2c      0x53c D:/mcu/STM/STM32CubeIDE/plugins/com.st.stm32cube.ide.mcu.externaltools.gnu-tools-for-stm32.13.3.rel1.win32_1.0.0.202411081344/tools/bin/../lib/gcc/arm-none-eabi/13.3.1/../../../../arm-none-eabi/lib/thumb/v7-m/nofp\libm.a(libm_a-kf_rem_pio2.o)
                0x0800df2c                __kernel_rem_pio2f
 .text.floorf   0x0800e468       0x84 D:/mcu/STM/STM32CubeIDE/plugins/com.st.stm32cube.ide.mcu.externaltools.gnu-tools-for-stm32.13.3.rel1.win32_1.0.0.202411081344/tools/bin/../lib/gcc/arm-none-eabi/13.3.1/../../../../arm-none-eabi/lib/thumb/v7-m/nofp\libm.a(libm_a-sf_floor.o)
                0x0800e468                floorf
 *(.glue_7)
 .glue_7        0x0800e4ec        0x0 linker stubs
 *(.glue_7t)
 .glue_7t       0x0800e4ec        0x0 linker stubs
 *(.eh_frame)
 .eh_frame      0x0800e4ec        0x0 D:/mcu/STM/STM32CubeIDE/plugins/com.st.stm32cube.ide.mcu.externaltools.gnu-tools-for-stm32.13.3.rel1.win32_1.0.0.202411081344/tools/bin/../lib/gcc/arm-none-eabi/13.3.1/thumb/v7-m/nofp/crtbegin.o
 *(.init)
 .init          0x0800e4ec        0x4 D:/mcu/STM/STM32CubeIDE/plugins/com.st.stm32cube.ide.mcu.externaltools.gnu-tools-for-stm32.13.3.rel1.win32_1.0.0.202411081344/tools/bin/../lib/gcc/arm-none-eabi/13.3.1/thumb/v7-m/nofp/crti.o
                0x0800e4ec                _init
 .init          0x0800e4f0        0x8 D:/mcu/STM/STM32CubeIDE/plugins/com.st.stm32cube.ide.mcu.externaltools.gnu-tools-for-stm32.13.3.rel1.win32_1.0.0.202411081344/tools/bin/../lib/gcc/arm-none-eabi/13.3.1/thumb/v7-m/nofp/crtn.o
 *(.fini)
 .fini          0x0800e4f8        0x4 D:/mcu/STM/STM32CubeIDE/plugins/com.st.stm32cube.ide.mcu.externaltools.gnu-tools-for-stm32.13.3.rel1.win32_1.0.0.202411081344/tools/bin/../lib/gcc/arm-none-eabi/13.3.1/thumb/v7-m/nofp/crti.o
                0x0800e4f8                _fini
 .fini          0x0800e4fc        0x8 D:/mcu/STM/STM32CubeIDE/plugins/com.st.stm32cube.ide.mcu.externaltools.gnu-tools-for-stm32.13.3.rel1.win32_1.0.0.202411081344/tools/bin/../lib/gcc/arm-none-eabi/13.3.1/thumb/v7-m/nofp/crtn.o
                0x0800e504                        . = ALIGN (0x4)
                0x0800e504                        _etext = .

.vfp11_veneer   0x0800e504        0x0
 .vfp11_veneer  0x0800e504        0x0 linker stubs

.v4_bx          0x0800e504        0x0
 .v4_bx         0x0800e504        0x0 linker stubs

.iplt           0x0800e504        0x0
 .iplt          0x0800e504        0x0 D:/mcu/STM/STM32CubeIDE/plugins/com.st.stm32cube.ide.mcu.externaltools.gnu-tools-for-stm32.13.3.rel1.win32_1.0.0.202411081344/tools/bin/../lib/gcc/arm-none-eabi/13.3.1/thumb/v7-m/nofp/crtbegin.o

.rodata         0x0800e504      0xb58
                0x0800e504                        . = ALIGN (0x4)
 *(.rodata)
 .rodata        0x0800e504       0x4d ./Core/Src/games.o
 *fill*         0x0800e551        0x3 
 .rodata        0x0800e554      0x3c0 ./Core/Src/oled_driver.o
 .rodata        0x0800e914        0x7 ./Core/Src/oled_optimize.o
 *(.rodata*)
 *fill*         0x0800e91b        0x1 
 .rodata.OLED_FONT_6x8
                0x0800e91c      0x240 ./Core/Src/oled.o
                0x0800e91c                OLED_FONT_6x8
 .rodata.cmds   0x0800eb5c        0x8 ./Core/Src/oled.o
                0x0800eb5c                cmds
 .rodata.AHBPrescTable
                0x0800eb64       0x10 ./Core/Src/system_stm32f1xx.o
                0x0800eb64                AHBPrescTable
 .rodata.APBPrescTable
                0x0800eb74        0x8 ./Core/Src/system_stm32f1xx.o
                0x0800eb74                APBPrescTable
 .rodata.aPLLMULFactorTable.1
                0x0800eb7c       0x10 ./Drivers/STM32F1xx_HAL_Driver/Src/stm32f1xx_hal_rcc.o
 .rodata.aPredivFactorTable.0
                0x0800eb8c        0x2 ./Drivers/STM32F1xx_HAL_Driver/Src/stm32f1xx_hal_rcc.o
 .rodata.srand.str1.1
                0x0800eb8e       0xde D:/mcu/STM/STM32CubeIDE/plugins/com.st.stm32cube.ide.mcu.externaltools.gnu-tools-for-stm32.13.3.rel1.win32_1.0.0.202411081344/tools/bin/../lib/gcc/arm-none-eabi/13.3.1/../../../../arm-none-eabi/lib/thumb/v7-m/nofp\libc_nano.a(libc_a-rand.o)
                                 0x6f (size before relaxing)
 .rodata.__assert_func.str1.1
                0x0800ec6c       0x3d D:/mcu/STM/STM32CubeIDE/plugins/com.st.stm32cube.ide.mcu.externaltools.gnu-tools-for-stm32.13.3.rel1.win32_1.0.0.202411081344/tools/bin/../lib/gcc/arm-none-eabi/13.3.1/../../../../arm-none-eabi/lib/thumb/v7-m/nofp\libc_nano.a(libc_a-assert.o)
 .rodata._svfprintf_r.str1.1
                0x0800ec6c       0x11 D:/mcu/STM/STM32CubeIDE/plugins/com.st.stm32cube.ide.mcu.externaltools.gnu-tools-for-stm32.13.3.rel1.win32_1.0.0.202411081344/tools/bin/../lib/gcc/arm-none-eabi/13.3.1/../../../../arm-none-eabi/lib/thumb/v7-m/nofp\libc_nano.a(libc_a-nano-svfprintf.o)
 .rodata._printf_i.str1.1
                0x0800ec6c       0x22 D:/mcu/STM/STM32CubeIDE/plugins/com.st.stm32cube.ide.mcu.externaltools.gnu-tools-for-stm32.13.3.rel1.win32_1.0.0.202411081344/tools/bin/../lib/gcc/arm-none-eabi/13.3.1/../../../../arm-none-eabi/lib/thumb/v7-m/nofp\libc_nano.a(libc_a-nano-vfprintf_i.o)
 .rodata._vfprintf_r.str1.1
                0x0800ec6c       0x11 D:/mcu/STM/STM32CubeIDE/plugins/com.st.stm32cube.ide.mcu.externaltools.gnu-tools-for-stm32.13.3.rel1.win32_1.0.0.202411081344/tools/bin/../lib/gcc/arm-none-eabi/13.3.1/../../../../arm-none-eabi/lib/thumb/v7-m/nofp\libc_nano.a(libc_a-nano-vfprintf.o)
 .rodata.tiny   0x0800ec6c        0x4 D:/mcu/STM/STM32CubeIDE/plugins/com.st.stm32cube.ide.mcu.externaltools.gnu-tools-for-stm32.13.3.rel1.win32_1.0.0.202411081344/tools/bin/../lib/gcc/arm-none-eabi/13.3.1/../../../../arm-none-eabi/lib/thumb/v7-m/nofp\libm.a(libm_a-ef_sqrt.o)
 .rodata.one    0x0800ec70        0x4 D:/mcu/STM/STM32CubeIDE/plugins/com.st.stm32cube.ide.mcu.externaltools.gnu-tools-for-stm32.13.3.rel1.win32_1.0.0.202411081344/tools/bin/../lib/gcc/arm-none-eabi/13.3.1/../../../../arm-none-eabi/lib/thumb/v7-m/nofp\libm.a(libm_a-ef_sqrt.o)
 .rodata.dp_l   0x0800ec74        0x8 D:/mcu/STM/STM32CubeIDE/plugins/com.st.stm32cube.ide.mcu.externaltools.gnu-tools-for-stm32.13.3.rel1.win32_1.0.0.202411081344/tools/bin/../lib/gcc/arm-none-eabi/13.3.1/../../../../arm-none-eabi/lib/thumb/v7-m/nofp\libm.a(libm_a-ef_pow.o)
 .rodata.dp_h   0x0800ec7c        0x8 D:/mcu/STM/STM32CubeIDE/plugins/com.st.stm32cube.ide.mcu.externaltools.gnu-tools-for-stm32.13.3.rel1.win32_1.0.0.202411081344/tools/bin/../lib/gcc/arm-none-eabi/13.3.1/../../../../arm-none-eabi/lib/thumb/v7-m/nofp\libm.a(libm_a-ef_pow.o)
 .rodata.bp     0x0800ec84        0x8 D:/mcu/STM/STM32CubeIDE/plugins/com.st.stm32cube.ide.mcu.externaltools.gnu-tools-for-stm32.13.3.rel1.win32_1.0.0.202411081344/tools/bin/../lib/gcc/arm-none-eabi/13.3.1/../../../../arm-none-eabi/lib/thumb/v7-m/nofp\libm.a(libm_a-ef_pow.o)
 .rodata.npio2_hw
                0x0800ec8c       0x80 D:/mcu/STM/STM32CubeIDE/plugins/com.st.stm32cube.ide.mcu.externaltools.gnu-tools-for-stm32.13.3.rel1.win32_1.0.0.202411081344/tools/bin/../lib/gcc/arm-none-eabi/13.3.1/../../../../arm-none-eabi/lib/thumb/v7-m/nofp\libm.a(libm_a-ef_rem_pio2.o)
 .rodata.two_over_pi
                0x0800ed0c      0x318 D:/mcu/STM/STM32CubeIDE/plugins/com.st.stm32cube.ide.mcu.externaltools.gnu-tools-for-stm32.13.3.rel1.win32_1.0.0.202411081344/tools/bin/../lib/gcc/arm-none-eabi/13.3.1/../../../../arm-none-eabi/lib/thumb/v7-m/nofp\libm.a(libm_a-ef_rem_pio2.o)
 .rodata.PIo2   0x0800f024       0x2c D:/mcu/STM/STM32CubeIDE/plugins/com.st.stm32cube.ide.mcu.externaltools.gnu-tools-for-stm32.13.3.rel1.win32_1.0.0.202411081344/tools/bin/../lib/gcc/arm-none-eabi/13.3.1/../../../../arm-none-eabi/lib/thumb/v7-m/nofp\libm.a(libm_a-kf_rem_pio2.o)
 .rodata.init_jk
                0x0800f050        0xc D:/mcu/STM/STM32CubeIDE/plugins/com.st.stm32cube.ide.mcu.externaltools.gnu-tools-for-stm32.13.3.rel1.win32_1.0.0.202411081344/tools/bin/../lib/gcc/arm-none-eabi/13.3.1/../../../../arm-none-eabi/lib/thumb/v7-m/nofp\libm.a(libm_a-kf_rem_pio2.o)
                0x0800f05c                        . = ALIGN (0x4)

.ARM.extab      0x0800f05c        0x0
                0x0800f05c                        . = ALIGN (0x4)
 *(.ARM.extab* .gnu.linkonce.armextab.*)
                0x0800f05c                        . = ALIGN (0x4)

.ARM            0x0800f05c        0x8
                0x0800f05c                        . = ALIGN (0x4)
                0x0800f05c                        __exidx_start = .
 *(.ARM.exidx*)
 .ARM.exidx     0x0800f05c        0x8 D:/mcu/STM/STM32CubeIDE/plugins/com.st.stm32cube.ide.mcu.externaltools.gnu-tools-for-stm32.13.3.rel1.win32_1.0.0.202411081344/tools/bin/../lib/gcc/arm-none-eabi/13.3.1/../../../../arm-none-eabi/lib/thumb/v7-m/nofp\libc_nano.a(libc_a-strcmp.o)
 .ARM.exidx     0x0800f064        0x0 D:/mcu/STM/STM32CubeIDE/plugins/com.st.stm32cube.ide.mcu.externaltools.gnu-tools-for-stm32.13.3.rel1.win32_1.0.0.202411081344/tools/bin/../lib/gcc/arm-none-eabi/13.3.1/../../../../arm-none-eabi/lib/thumb/v7-m/nofp\libc_nano.a(libc_a-strlen.o)
                                  0x8 (size before relaxing)
                0x0800f064                        __exidx_end = .
                0x0800f064                        . = ALIGN (0x4)

.preinit_array  0x0800f064        0x0
                0x0800f064                        . = ALIGN (0x4)
                0x0800f064                        PROVIDE (__preinit_array_start = .)
 *(.preinit_array*)
                0x0800f064                        PROVIDE (__preinit_array_end = .)
                0x0800f064                        . = ALIGN (0x4)

.init_array     0x0800f064        0x4
                0x0800f064                        . = ALIGN (0x4)
                0x0800f064                        PROVIDE (__init_array_start = .)
 *(SORT_BY_NAME(.init_array.*))
 *(.init_array*)
 .init_array    0x0800f064        0x4 D:/mcu/STM/STM32CubeIDE/plugins/com.st.stm32cube.ide.mcu.externaltools.gnu-tools-for-stm32.13.3.rel1.win32_1.0.0.202411081344/tools/bin/../lib/gcc/arm-none-eabi/13.3.1/thumb/v7-m/nofp/crtbegin.o
                0x0800f068                        PROVIDE (__init_array_end = .)
                0x0800f068                        . = ALIGN (0x4)

.fini_array     0x0800f068        0x4
                0x0800f068                        . = ALIGN (0x4)
                [!provide]                        PROVIDE (__fini_array_start = .)
 *(SORT_BY_NAME(.fini_array.*))
 *(.fini_array*)
 .fini_array    0x0800f068        0x4 D:/mcu/STM/STM32CubeIDE/plugins/com.st.stm32cube.ide.mcu.externaltools.gnu-tools-for-stm32.13.3.rel1.win32_1.0.0.202411081344/tools/bin/../lib/gcc/arm-none-eabi/13.3.1/thumb/v7-m/nofp/crtbegin.o
                [!provide]                        PROVIDE (__fini_array_end = .)
                0x0800f06c                        . = ALIGN (0x4)
                0x0800f06c                        _sidata = LOADADDR (.data)

.rel.dyn        0x0800f06c        0x0
 .rel.iplt      0x0800f06c        0x0 D:/mcu/STM/STM32CubeIDE/plugins/com.st.stm32cube.ide.mcu.externaltools.gnu-tools-for-stm32.13.3.rel1.win32_1.0.0.202411081344/tools/bin/../lib/gcc/arm-none-eabi/13.3.1/thumb/v7-m/nofp/crtbegin.o

.data           0x20000000      0x4bc load address 0x0800f06c
                0x20000000                        . = ALIGN (0x4)
                0x20000000                        _sdata = .
 *(.data)
 *(.data*)
 .data.FirstRun
                0x20000000        0x1 ./Core/Src/games.o
                0x20000000                FirstRun
 *fill*         0x20000001        0x3 
 .data.IMG_GAME_DATA
                0x20000004       0xb4 ./Core/Src/icon.o
                0x20000004                IMG_GAME_DATA
 .data.IMG_TOOL_DATA
                0x200000b8       0xb4 ./Core/Src/icon.o
                0x200000b8                IMG_TOOL_DATA
 .data.IMG_STATUS_DATA
                0x2000016c       0xb4 ./Core/Src/icon.o
                0x2000016c                IMG_STATUS_DATA
 .data.IMG_SETTINGS_DATA
                0x20000220       0xb4 ./Core/Src/icon.o
                0x20000220                IMG_SETTINGS_DATA
 .data.IMG_ABOUT_DATA
                0x200002d4       0xb4 ./Core/Src/icon.o
                0x200002d4                IMG_ABOUT_DATA
 .data.IMG_DEVELOPER_DATA
                0x20000388       0xb4 ./Core/Src/icon.o
                0x20000388                IMG_DEVELOPER_DATA
 .data.menuRank
                0x2000043c        0x1 ./Core/Src/oled_driver.o
                0x2000043c                menuRank
 .data.menuSelection
                0x2000043d        0x1 ./Core/Src/oled_driver.o
                0x2000043d                menuSelection
 .data.brightness
                0x2000043e        0x1 ./Core/Src/oled_driver.o
                0x2000043e                brightness
 .data.isFirstRun.1
                0x2000043f        0x1 ./Core/Src/oled_driver.o
 .data.preCount.0
                0x20000440        0x2 ./Core/Src/oled_driver.o
 .data.fast_update_enabled
                0x20000442        0x1 ./Core/Src/oled_optimize.o
 *fill*         0x20000443        0x1 
 .data.fps_str.0
                0x20000444       0x10 ./Core/Src/oled_optimize.o
 .data.SystemCoreClock
                0x20000454        0x4 ./Core/Src/system_stm32f1xx.o
                0x20000454                SystemCoreClock
 .data.uwTickPrio
                0x20000458        0x4 ./Drivers/STM32F1xx_HAL_Driver/Src/stm32f1xx_hal.o
                0x20000458                uwTickPrio
 .data.uwTickFreq
                0x2000045c        0x1 ./Drivers/STM32F1xx_HAL_Driver/Src/stm32f1xx_hal.o
                0x2000045c                uwTickFreq
 *fill*         0x2000045d        0x3 
 .data.__sglue  0x20000460        0xc D:/mcu/STM/STM32CubeIDE/plugins/com.st.stm32cube.ide.mcu.externaltools.gnu-tools-for-stm32.13.3.rel1.win32_1.0.0.202411081344/tools/bin/../lib/gcc/arm-none-eabi/13.3.1/../../../../arm-none-eabi/lib/thumb/v7-m/nofp\libc_nano.a(libc_a-findfp.o)
                0x20000460                __sglue
 .data._impure_ptr
                0x2000046c        0x4 D:/mcu/STM/STM32CubeIDE/plugins/com.st.stm32cube.ide.mcu.externaltools.gnu-tools-for-stm32.13.3.rel1.win32_1.0.0.202411081344/tools/bin/../lib/gcc/arm-none-eabi/13.3.1/../../../../arm-none-eabi/lib/thumb/v7-m/nofp\libc_nano.a(libc_a-impure.o)
                0x2000046c                _impure_ptr
 .data._impure_data
                0x20000470       0x4c D:/mcu/STM/STM32CubeIDE/plugins/com.st.stm32cube.ide.mcu.externaltools.gnu-tools-for-stm32.13.3.rel1.win32_1.0.0.202411081344/tools/bin/../lib/gcc/arm-none-eabi/13.3.1/../../../../arm-none-eabi/lib/thumb/v7-m/nofp\libc_nano.a(libc_a-impure.o)
                0x20000470                _impure_data
 *(.RamFunc)
 *(.RamFunc*)
                0x200004bc                        . = ALIGN (0x4)
                0x200004bc                        _edata = .

.igot.plt       0x200004bc        0x0 load address 0x0800f528
 .igot.plt      0x200004bc        0x0 D:/mcu/STM/STM32CubeIDE/plugins/com.st.stm32cube.ide.mcu.externaltools.gnu-tools-for-stm32.13.3.rel1.win32_1.0.0.202411081344/tools/bin/../lib/gcc/arm-none-eabi/13.3.1/thumb/v7-m/nofp/crtbegin.o
                0x200004bc                        . = ALIGN (0x4)

.bss            0x200004bc     0x4134 load address 0x0800f528
                0x200004bc                        _sbss = .
                0x200004bc                        __bss_start__ = _sbss
 *(.bss)
 .bss           0x200004bc       0x1c D:/mcu/STM/STM32CubeIDE/plugins/com.st.stm32cube.ide.mcu.externaltools.gnu-tools-for-stm32.13.3.rel1.win32_1.0.0.202411081344/tools/bin/../lib/gcc/arm-none-eabi/13.3.1/thumb/v7-m/nofp/crtbegin.o
 *(.bss*)
 .bss.snake     0x200004d8      0x194 ./Core/Src/games.o
 .bss.food      0x2000066c        0x6 ./Core/Src/games.o
 .bss.gameOver  0x20000672        0x1 ./Core/Src/games.o
                0x20000672                gameOver
 *fill*         0x20000673        0x1 
 .bss.gameTickLast
                0x20000674        0x4 ./Core/Src/games.o
 .bss.game2048_board
                0x20000678       0x20 ./Core/Src/games.o
                0x20000678                game2048_board
 .bss.game2048_score
                0x20000698        0x4 ./Core/Src/games.o
                0x20000698                game2048_score
 .bss.game2048_game_over
                0x2000069c        0x1 ./Core/Src/games.o
                0x2000069c                game2048_game_over
 .bss.game2048_game_won
                0x2000069d        0x1 ./Core/Src/games.o
                0x2000069d                game2048_game_won
 .bss.game2048_move_made_this_turn
                0x2000069e        0x1 ./Core/Src/games.o
                0x2000069e                game2048_move_made_this_turn
 *fill*         0x2000069f        0x1 
 .bss.LastCount.2
                0x200006a0        0x2 ./Core/Src/games.o
 .bss.preMutiTurn.1
                0x200006a2        0x1 ./Core/Src/games.o
 *fill*         0x200006a3        0x1 
 .bss.LastCount.0
                0x200006a4        0x2 ./Core/Src/games.o
 *fill*         0x200006a6        0x2 
 .bss.hi2c1     0x200006a8       0x54 ./Core/Src/i2c.o
                0x200006a8                hi2c1
 .bss.hdma_i2c1_tx
                0x200006fc       0x44 ./Core/Src/i2c.o
                0x200006fc                hdma_i2c1_tx
 .bss.count     0x20000740        0x2 ./Core/Src/main.o
                0x20000740                count
 *fill*         0x20000742        0x2 
 .bss.oled_last_update_time
                0x20000744        0x4 ./Core/Src/oled.o
                0x20000744                oled_last_update_time
 .bss.oled_update_flag
                0x20000748        0x1 ./Core/Src/oled.o
                0x20000748                oled_update_flag
 .bss.oled_dma_busy
                0x20000749        0x1 ./Core/Src/oled.o
                0x20000749                oled_dma_busy
 *fill*         0x2000074a        0x2 
 .bss.oled_dirty_pages
                0x2000074c        0x8 ./Core/Src/oled.o
                0x2000074c                oled_dirty_pages
 .bss.OLED_BackBuffer
                0x20000754      0x400 ./Core/Src/oled.o
                0x20000754                OLED_BackBuffer
 .bss.OLED_FrontBuffer
                0x20000b54      0x401 ./Core/Src/oled.o
                0x20000b54                OLED_FrontBuffer
 *fill*         0x20000f55        0x3 
 .bss.CUBE      0x20000f58       0xdc ./Core/Src/oled_driver.o
                0x20000f58                CUBE
 .bss.currentPage
                0x20001034        0x1 ./Core/Src/oled_driver.o
                0x20001034                currentPage
 .bss.preMenuSelection
                0x20001035        0x1 ./Core/Src/oled_driver.o
 .bss.cancelSelection
                0x20001036        0x1 ./Core/Src/oled_driver.o
 .bss.resetAnimation
                0x20001037        0x1 ./Core/Src/oled_driver.o
 .bss.isShowFPS
                0x20001038        0x1 ./Core/Src/oled_driver.o
                0x20001038                isShowFPS
 *fill*         0x20001039        0x3 
 .bss.OLED_PrevBuffer
                0x2000103c      0x400 ./Core/Src/oled_optimize.o
 .bss.diff_mode_enabled
                0x2000143c        0x1 ./Core/Src/oled_optimize.o
 *fill*         0x2000143d        0x3 
 .bss.frames.3  0x20001440        0x4 ./Core/Src/oled_optimize.o
 .bss.last_time.2
                0x20001444        0x4 ./Core/Src/oled_optimize.o
 .bss.fps.1     0x20001448        0x4 ./Core/Src/oled_optimize.o
 .bss.Menu_AnimationManager
                0x2000144c      0x5f4 ./Core/Src/oled_ui.o
                0x2000144c                Menu_AnimationManager
 .bss.Games_AnimationManager
                0x20001a40      0x5f4 ./Core/Src/oled_ui.o
                0x20001a40                Games_AnimationManager
 .bss.Tools_AnimationManager
                0x20002034      0x5f4 ./Core/Src/oled_ui.o
                0x20002034                Tools_AnimationManager
 .bss.Settings_AnimationManager
                0x20002628      0x5f4 ./Core/Src/oled_ui.o
                0x20002628                Settings_AnimationManager
 .bss.About_AnimationManager
                0x20002c1c      0x5f4 ./Core/Src/oled_ui.o
                0x20002c1c                About_AnimationManager
 .bss.Status_AnimationManager
                0x20003210      0x5f4 ./Core/Src/oled_ui.o
                0x20003210                Status_AnimationManager
 .bss.g_Title_AnimationManager
                0x20003804      0x5f4 ./Core/Src/oled_ui.o
                0x20003804                g_Title_AnimationManager
 .bss.g_AnimationManager
                0x20003df8      0x5f4 ./Core/Src/oled_ui.o
                0x20003df8                g_AnimationManager
 .bss.hspi2     0x200043ec       0x58 ./Core/Src/spi.o
                0x200043ec                hspi2
 .bss.__sbrk_heap_end
                0x20004444        0x4 ./Core/Src/sysmem.o
 .bss.htim3     0x20004448       0x48 ./Core/Src/tim.o
                0x20004448                htim3
 .bss.video_first_play
                0x20004490        0x1 ./Core/Src/videoPlayer.o
                0x20004490                video_first_play
 *fill*         0x20004491        0x3 
 .bss.current_frame_index
                0x20004494        0x4 ./Core/Src/videoPlayer.o
 .bss.total_frames
                0x20004498        0x4 ./Core/Src/videoPlayer.o
 .bss.LastCount_video.0
                0x2000449c        0x2 ./Core/Src/videoPlayer.o
 *fill*         0x2000449e        0x2 
 .bss.uwTick    0x200044a0        0x4 ./Drivers/STM32F1xx_HAL_Driver/Src/stm32f1xx_hal.o
                0x200044a0                uwTick
 .bss.__sf      0x200044a4      0x138 D:/mcu/STM/STM32CubeIDE/plugins/com.st.stm32cube.ide.mcu.externaltools.gnu-tools-for-stm32.13.3.rel1.win32_1.0.0.202411081344/tools/bin/../lib/gcc/arm-none-eabi/13.3.1/../../../../arm-none-eabi/lib/thumb/v7-m/nofp\libc_nano.a(libc_a-findfp.o)
                0x200044a4                __sf
 .bss.__stdio_exit_handler
                0x200045dc        0x4 D:/mcu/STM/STM32CubeIDE/plugins/com.st.stm32cube.ide.mcu.externaltools.gnu-tools-for-stm32.13.3.rel1.win32_1.0.0.202411081344/tools/bin/../lib/gcc/arm-none-eabi/13.3.1/../../../../arm-none-eabi/lib/thumb/v7-m/nofp\libc_nano.a(libc_a-findfp.o)
                0x200045dc                __stdio_exit_handler
 .bss.errno     0x200045e0        0x4 D:/mcu/STM/STM32CubeIDE/plugins/com.st.stm32cube.ide.mcu.externaltools.gnu-tools-for-stm32.13.3.rel1.win32_1.0.0.202411081344/tools/bin/../lib/gcc/arm-none-eabi/13.3.1/../../../../arm-none-eabi/lib/thumb/v7-m/nofp\libc_nano.a(libc_a-reent.o)
                0x200045e0                errno
 .bss.__lock___malloc_recursive_mutex
                0x200045e4        0x1 D:/mcu/STM/STM32CubeIDE/plugins/com.st.stm32cube.ide.mcu.externaltools.gnu-tools-for-stm32.13.3.rel1.win32_1.0.0.202411081344/tools/bin/../lib/gcc/arm-none-eabi/13.3.1/../../../../arm-none-eabi/lib/thumb/v7-m/nofp\libc_nano.a(libc_a-lock.o)
                0x200045e4                __lock___malloc_recursive_mutex
 .bss.__lock___sfp_recursive_mutex
                0x200045e5        0x1 D:/mcu/STM/STM32CubeIDE/plugins/com.st.stm32cube.ide.mcu.externaltools.gnu-tools-for-stm32.13.3.rel1.win32_1.0.0.202411081344/tools/bin/../lib/gcc/arm-none-eabi/13.3.1/../../../../arm-none-eabi/lib/thumb/v7-m/nofp\libc_nano.a(libc_a-lock.o)
                0x200045e5                __lock___sfp_recursive_mutex
 *fill*         0x200045e6        0x2 
 .bss.__malloc_sbrk_start
                0x200045e8        0x4 D:/mcu/STM/STM32CubeIDE/plugins/com.st.stm32cube.ide.mcu.externaltools.gnu-tools-for-stm32.13.3.rel1.win32_1.0.0.202411081344/tools/bin/../lib/gcc/arm-none-eabi/13.3.1/../../../../arm-none-eabi/lib/thumb/v7-m/nofp\libc_nano.a(libc_a-mallocr.o)
                0x200045e8                __malloc_sbrk_start
 .bss.__malloc_free_list
                0x200045ec        0x4 D:/mcu/STM/STM32CubeIDE/plugins/com.st.stm32cube.ide.mcu.externaltools.gnu-tools-for-stm32.13.3.rel1.win32_1.0.0.202411081344/tools/bin/../lib/gcc/arm-none-eabi/13.3.1/../../../../arm-none-eabi/lib/thumb/v7-m/nofp\libc_nano.a(libc_a-mallocr.o)
                0x200045ec                __malloc_free_list
 *(COMMON)
                0x200045f0                        . = ALIGN (0x4)
                0x200045f0                        _ebss = .
                0x200045f0                        __bss_end__ = _ebss

._user_heap_stack
                0x200045f0      0x600 load address 0x0800f528
                0x200045f0                        . = ALIGN (0x8)
                [!provide]                        PROVIDE (end = .)
                0x200045f0                        PROVIDE (_end = .)
                0x200047f0                        . = (. + _Min_Heap_Size)
 *fill*         0x200045f0      0x200 
                0x20004bf0                        . = (. + _Min_Stack_Size)
 *fill*         0x200047f0      0x400 
                0x20004bf0                        . = ALIGN (0x8)

/DISCARD/
 libc.a(*)
 libm.a(*)
 libgcc.a(*)

.ARM.attributes
                0x00000000       0x29
 *(.ARM.attributes)
 .ARM.attributes
                0x00000000       0x1d D:/mcu/STM/STM32CubeIDE/plugins/com.st.stm32cube.ide.mcu.externaltools.gnu-tools-for-stm32.13.3.rel1.win32_1.0.0.202411081344/tools/bin/../lib/gcc/arm-none-eabi/13.3.1/thumb/v7-m/nofp/crti.o
 .ARM.attributes
                0x0000001d       0x2d D:/mcu/STM/STM32CubeIDE/plugins/com.st.stm32cube.ide.mcu.externaltools.gnu-tools-for-stm32.13.3.rel1.win32_1.0.0.202411081344/tools/bin/../lib/gcc/arm-none-eabi/13.3.1/thumb/v7-m/nofp/crtbegin.o
 .ARM.attributes
                0x0000004a       0x2d ./Core/Src/dma.o
 .ARM.attributes
                0x00000077       0x2d ./Core/Src/drawer.o
 .ARM.attributes
                0x000000a4       0x2d ./Core/Src/flash.o
 .ARM.attributes
                0x000000d1       0x2d ./Core/Src/games.o
 .ARM.attributes
                0x000000fe       0x2d ./Core/Src/gpio.o
 .ARM.attributes
                0x0000012b       0x2d ./Core/Src/i2c.o
 .ARM.attributes
                0x00000158       0x2d ./Core/Src/icon.o
 .ARM.attributes
                0x00000185       0x2d ./Core/Src/main.o
 .ARM.attributes
                0x000001b2       0x2d ./Core/Src/oled.o
 .ARM.attributes
                0x000001df       0x2d ./Core/Src/oled_driver.o
 .ARM.attributes
                0x0000020c       0x2d ./Core/Src/oled_optimize.o
 .ARM.attributes
                0x00000239       0x2d ./Core/Src/oled_ui.o
 .ARM.attributes
                0x00000266       0x2d ./Core/Src/spi.o
 .ARM.attributes
                0x00000293       0x2d ./Core/Src/stm32f1xx_hal_msp.o
 .ARM.attributes
                0x000002c0       0x2d ./Core/Src/stm32f1xx_it.o
 .ARM.attributes
                0x000002ed       0x2d ./Core/Src/syscalls.o
 .ARM.attributes
                0x0000031a       0x2d ./Core/Src/sysmem.o
 .ARM.attributes
                0x00000347       0x2d ./Core/Src/system_stm32f1xx.o
 .ARM.attributes
                0x00000374       0x2d ./Core/Src/tim.o
 .ARM.attributes
                0x000003a1       0x2d ./Core/Src/videoPlayer.o
 .ARM.attributes
                0x000003ce       0x21 ./Core/Startup/startup_stm32f103c8tx.o
 .ARM.attributes
                0x000003ef       0x2d ./Drivers/STM32F1xx_HAL_Driver/Src/stm32f1xx_hal.o
 .ARM.attributes
                0x0000041c       0x2d ./Drivers/STM32F1xx_HAL_Driver/Src/stm32f1xx_hal_cortex.o
 .ARM.attributes
                0x00000449       0x2d ./Drivers/STM32F1xx_HAL_Driver/Src/stm32f1xx_hal_dma.o
 .ARM.attributes
                0x00000476       0x2d ./Drivers/STM32F1xx_HAL_Driver/Src/stm32f1xx_hal_gpio.o
 .ARM.attributes
                0x000004a3       0x2d ./Drivers/STM32F1xx_HAL_Driver/Src/stm32f1xx_hal_i2c.o
 .ARM.attributes
                0x000004d0       0x2d ./Drivers/STM32F1xx_HAL_Driver/Src/stm32f1xx_hal_rcc.o
 .ARM.attributes
                0x000004fd       0x2d ./Drivers/STM32F1xx_HAL_Driver/Src/stm32f1xx_hal_spi.o
 .ARM.attributes
                0x0000052a       0x2d ./Drivers/STM32F1xx_HAL_Driver/Src/stm32f1xx_hal_tim.o
 .ARM.attributes
                0x00000557       0x2d ./Drivers/STM32F1xx_HAL_Driver/Src/stm32f1xx_hal_tim_ex.o
 .ARM.attributes
                0x00000584       0x2d D:/mcu/STM/STM32CubeIDE/plugins/com.st.stm32cube.ide.mcu.externaltools.gnu-tools-for-stm32.13.3.rel1.win32_1.0.0.202411081344/tools/bin/../lib/gcc/arm-none-eabi/13.3.1/../../../../arm-none-eabi/lib/thumb/v7-m/nofp\libc_nano.a(libc_a-rand.o)
 .ARM.attributes
                0x000005b1       0x2d D:/mcu/STM/STM32CubeIDE/plugins/com.st.stm32cube.ide.mcu.externaltools.gnu-tools-for-stm32.13.3.rel1.win32_1.0.0.202411081344/tools/bin/../lib/gcc/arm-none-eabi/13.3.1/../../../../arm-none-eabi/lib/thumb/v7-m/nofp\libc_nano.a(libc_a-findfp.o)
 .ARM.attributes
                0x000005de       0x2d D:/mcu/STM/STM32CubeIDE/plugins/com.st.stm32cube.ide.mcu.externaltools.gnu-tools-for-stm32.13.3.rel1.win32_1.0.0.202411081344/tools/bin/../lib/gcc/arm-none-eabi/13.3.1/../../../../arm-none-eabi/lib/thumb/v7-m/nofp\libc_nano.a(libc_a-fwalk.o)
 .ARM.attributes
                0x0000060b       0x2d D:/mcu/STM/STM32CubeIDE/plugins/com.st.stm32cube.ide.mcu.externaltools.gnu-tools-for-stm32.13.3.rel1.win32_1.0.0.202411081344/tools/bin/../lib/gcc/arm-none-eabi/13.3.1/../../../../arm-none-eabi/lib/thumb/v7-m/nofp\libc_nano.a(libc_a-sprintf.o)
 .ARM.attributes
                0x00000638       0x2d D:/mcu/STM/STM32CubeIDE/plugins/com.st.stm32cube.ide.mcu.externaltools.gnu-tools-for-stm32.13.3.rel1.win32_1.0.0.202411081344/tools/bin/../lib/gcc/arm-none-eabi/13.3.1/../../../../arm-none-eabi/lib/thumb/v7-m/nofp\libc_nano.a(libc_a-stdio.o)
 .ARM.attributes
                0x00000665       0x2d D:/mcu/STM/STM32CubeIDE/plugins/com.st.stm32cube.ide.mcu.externaltools.gnu-tools-for-stm32.13.3.rel1.win32_1.0.0.202411081344/tools/bin/../lib/gcc/arm-none-eabi/13.3.1/../../../../arm-none-eabi/lib/thumb/v7-m/nofp\libc_nano.a(libc_a-memset.o)
 .ARM.attributes
                0x00000692       0x2d D:/mcu/STM/STM32CubeIDE/plugins/com.st.stm32cube.ide.mcu.externaltools.gnu-tools-for-stm32.13.3.rel1.win32_1.0.0.202411081344/tools/bin/../lib/gcc/arm-none-eabi/13.3.1/../../../../arm-none-eabi/lib/thumb/v7-m/nofp\libc_nano.a(libc_a-strncpy.o)
 .ARM.attributes
                0x000006bf       0x2d D:/mcu/STM/STM32CubeIDE/plugins/com.st.stm32cube.ide.mcu.externaltools.gnu-tools-for-stm32.13.3.rel1.win32_1.0.0.202411081344/tools/bin/../lib/gcc/arm-none-eabi/13.3.1/../../../../arm-none-eabi/lib/thumb/v7-m/nofp\libc_nano.a(libc_a-closer.o)
 .ARM.attributes
                0x000006ec       0x2d D:/mcu/STM/STM32CubeIDE/plugins/com.st.stm32cube.ide.mcu.externaltools.gnu-tools-for-stm32.13.3.rel1.win32_1.0.0.202411081344/tools/bin/../lib/gcc/arm-none-eabi/13.3.1/../../../../arm-none-eabi/lib/thumb/v7-m/nofp\libc_nano.a(libc_a-reent.o)
 .ARM.attributes
                0x00000719       0x2d D:/mcu/STM/STM32CubeIDE/plugins/com.st.stm32cube.ide.mcu.externaltools.gnu-tools-for-stm32.13.3.rel1.win32_1.0.0.202411081344/tools/bin/../lib/gcc/arm-none-eabi/13.3.1/../../../../arm-none-eabi/lib/thumb/v7-m/nofp\libc_nano.a(libc_a-impure.o)
 .ARM.attributes
                0x00000746       0x2d D:/mcu/STM/STM32CubeIDE/plugins/com.st.stm32cube.ide.mcu.externaltools.gnu-tools-for-stm32.13.3.rel1.win32_1.0.0.202411081344/tools/bin/../lib/gcc/arm-none-eabi/13.3.1/../../../../arm-none-eabi/lib/thumb/v7-m/nofp\libc_nano.a(libc_a-lseekr.o)
 .ARM.attributes