../Core/Src/drawer.c:11:13:OLED_CreateTransformMatrix	72	static
../Core/Src/drawer.c:39:6:OLED_TransformPoint	40	static
../Core/Src/drawer.c:49:6:OLED_DrawLine	40	static
../Core/Src/drawer.c:79:6:OLED_DrawRotatedRect	112	static
../Core/Src/drawer.c:113:6:OLED_DrawRotatedCircle	128	static
../Core/Src/drawer.c:150:6:OLED_DisplayCharTransformed	48	static
../Core/Src/drawer.c:191:6:OLED_DisplayStringRotated	72	static
../Core/Src/drawer.c:217:16:OLED_CreateTransform	48	static
../Core/Src/drawer.c:229:16:OLED_CreateTransformAdvanced	48	static
../Core/Src/drawer.c:245:6:OLED_InitCube3D	128	static
../Core/Src/drawer.c:292:6:OLED_UpdateCubeRotation	24	static
../Core/Src/drawer.c:310:6:OLED_SetCubeScale	16	static
../Core/Src/drawer.c:317:14:OLED_RotatePointX	56	static
../Core/Src/drawer.c:331:14:OLED_RotatePointY	56	static
../Core/Src/drawer.c:345:14:OLED_RotatePointZ	56	static
../Core/Src/drawer.c:359:14:OLED_TransformPoint3D	72	static
../Core/Src/drawer.c:377:6:OLED_Project3DTo2D	40	static
../Core/Src/drawer.c:389:6:OLED_DrawCube3D	192	static
