../Core/Src/drawer.c:11:13:OLED_CreateTransformMatrix	40	static
../Core/Src/drawer.c:39:6:OLED_TransformPoint	24	static
../Core/Src/drawer.c:49:6:OLED_DrawLine	56	static
../Core/Src/drawer.c:79:6:OLED_DrawRotatedRect	104	static
../Core/Src/drawer.c:113:6:OLED_DrawRotatedCircle	136	static
../Core/Src/drawer.c:150:6:OLED_DisplayCharTransformed	72	static
../Core/Src/drawer.c:191:6:OLED_DisplayStringRotated	64	static
../Core/Src/drawer.c:217:16:OLED_CreateTransform	16	static
../Core/Src/drawer.c:229:16:OLED_CreateTransformAdvanced	16	static
../Core/Src/drawer.c:245:6:OLED_InitCube3D	24	static
../Core/Src/drawer.c:292:6:OLED_UpdateCubeRotation	32	static
../Core/Src/drawer.c:310:6:OLED_SetCubeScale	16	static
../Core/Src/drawer.c:317:14:OLED_RotatePointX	48	static
../Core/Src/drawer.c:331:14:OLED_RotatePointY	48	static
../Core/Src/drawer.c:345:14:OLED_RotatePointZ	48	static
../Core/Src/drawer.c:359:14:OLED_TransformPoint3D	88	static
../Core/Src/drawer.c:377:6:OLED_Project3DTo2D	32	static
../Core/Src/drawer.c:389:6:OLED_DrawCube3D	160	static
