../Core/Src/games.c:41:13:DrawBlock	24	static
../Core/Src/games.c:47:13:Snake_GenerateFood	16	static
../Core/Src/games.c:67:6:Snake_InitGame	16	static
../Core/Src/games.c:88:13:Snake_Draw	16	static
../Core/Src/games.c:106:13:Snake_Update	16	static
../Core/Src/games.c:161:6:Snake_HandleInput	16	static
../Core/Src/games.c:172:6:Snake_GameLoop	32	static
../Core/Src/games.c:244:13:Game2048_AddRandomTile	80	static
../Core/Src/games.c:269:6:Game2048_Init	16	static
../Core/Src/games.c:287:6:Game2048_Restart	8	static
../Core/Src/games.c:292:6:Game2048_DrawBoard	48	static
../Core/Src/games.c:336:13:Game2048_CompactAndMerge	56	static
../Core/Src/games.c:415:13:Game2048_MoveUp	16	static
../Core/Src/games.c:423:13:Game2048_MoveDown	16	static
../Core/Src/games.c:431:13:Game2048_MoveLeft	16	static
../Core/Src/games.c:439:13:Game2048_MoveRight	16	static
../Core/Src/games.c:447:13:Game2048_CanMove	16	static
../Core/Src/games.c:465:6:Game2048_HandleInput	16	static
../Core/Src/games.c:499:6:Game2048_GameLoop	8	static
