../Core/Src/games.c:337:13:Game2048_CompactAndMerge	64	static
../Core/Src/games.c:47:13:Snake_GenerateFood	16	static
../Core/Src/games.c:244:13:Game2048_AddRandomTile	80	static
../Core/Src/games.c:67:6:Snake_InitGame	8	static
../Core/Src/games.c:161:6:Snake_HandleInput	0	static
../Core/Src/games.c:172:6:Snake_GameLoop	56	static
../Core/Src/games.c:269:6:Game2048_Init	8	static
../Core/Src/games.c:288:6:Game2048_Restart	8	static
../Core/Src/games.c:293:6:Game2048_DrawBoard	72	static
../Core/Src/games.c:466:6:Game2048_HandleInput	16	static
../Core/Src/games.c:500:6:Game2048_GameLoop	16	static
