../Core/Src/oled_ui.c:127:14:EaseOutBounce	8	static
../Core/Src/oled_ui.c:268:7:MathLerp	16	static
../Core/Src/oled_ui.c:282:6:OLED_InitAnimation	24	static
../Core/Src/oled_ui.c:295:9:OLED_UpdateAnimation	24	static
../Core/Src/oled_ui.c:322:7:OLED_GetAnimationValue	0	static
../Core/Src/oled_ui.c:330:6:InitBlockAnimation	16	static
../Core/Src/oled_ui.c:387:6:OLED_InitAnimationManager	8	static
../Core/Src/oled_ui.c:393:20:OLED_FindTaggedAnimation	24	static
../Core/Src/oled_ui.c:405:9:OLED_GetObjectPosition	16	static
../Core/Src/oled_ui.c:420:6:OLED_MoveObject	32	static
../Core/Src/oled_ui.c:447:6:OLED_UpdateAnimationManager	32	static
../Core/Src/oled_ui.c:469:9:OLED_GetAnimationStates	8	static
../Core/Src/oled_ui.c:482:6:OLED_DoTweenObject	40	static
../Core/Src/oled_ui.c:510:6:OLED_MoveObjectAxis	40	static
../Core/Src/oled_ui.c:541:6:OLED_DoTweenObjectX	56	static
../Core/Src/oled_ui.c:552:6:OLED_DoTweenObjectY	56	static
../Core/Src/oled_ui.c:617:6:OLED_DrawRectangle	48	static
../Core/Src/oled_ui.c:336:6:UpdateAndDrawBlock	16	static
../Core/Src/oled_ui.c:358:6:AnimationLoop	16	static
../Core/Src/oled_ui.c:706:6:OLED_DrawFilledRectangle	40	static
../Core/Src/oled_ui.c:566:6:OLED_DrawTitleBar	24	static
../Core/Src/oled_ui.c:578:6:OLED_DrawBattery	32	static
../Core/Src/oled_ui.c:599:6:OLED_DrawProgressBar	32	static
../Core/Src/oled_ui.c:818:6:OLED_DrawIcon	32	static
