../Core/Src/oled_ui.c:12:14:EaseLinear	16	static
../Core/Src/oled_ui.c:17:14:EaseInQuad	16	static
../Core/Src/oled_ui.c:22:14:EaseOutQuad	16	static
../Core/Src/oled_ui.c:27:14:EaseInOutQuad	16	static
../Core/Src/oled_ui.c:32:14:EaseInCubic	16	static
../Core/Src/oled_ui.c:37:14:EaseOutCubic	24	static
../Core/Src/oled_ui.c:43:14:EaseInOutCubic	24	static
../Core/Src/oled_ui.c:49:14:GetEaseValue	16	static
../Core/Src/oled_ui.c:73:6:OLED_InitAnimation	24	static
../Core/Src/oled_ui.c:86:9:OLED_UpdateAnimation	40	static
../Core/Src/oled_ui.c:114:7:OLED_GetAnimationValue	16	static
../Core/Src/oled_ui.c:121:6:InitBlockAnimation	16	static
../Core/Src/oled_ui.c:129:6:UpdateAndDrawBlock	16	static
../Core/Src/oled_ui.c:152:6:AnimationLoop	8	static
../Core/Src/oled_ui.c:198:6:OLED_DrawTitleBar	32	static
../Core/Src/oled_ui.c:210:6:OLED_DrawBattery	32	static
../Core/Src/oled_ui.c:231:6:OLED_DrawProgressBar	40	static
../Core/Src/oled_ui.c:248:6:OLED_DrawRectangle	32	static
../Core/Src/oled_ui.c:277:6:OLED_DrawFilledRectangle	32	static
../Core/Src/oled_ui.c:301:6:OLED_DrawLine	48	static
