../Core/Src/oled.c:121:6:OLED_InitBuffer	8	static
../Core/Src/oled.c:129:6:OLED_ClearBuffer	8	static
../Core/Src/oled.c:150:6:OLED_UpdateDisplayVSync	24	static
../Core/Src/oled.c:173:6:OLED_WritePixel	24	static
../Core/Src/oled.c:189:6:OLED_SendCommand	32	static
../Core/Src/oled.c:197:6:OLED_SendData	32	static
../Core/Src/oled.c:205:6:OLED_ClearDisplay	8	static
../Core/Src/oled.c:212:6:OLED_Init	8	static
../Core/Src/oled.c:254:6:OLED_InvertArea	32	static
../Core/Src/oled.c:296:6:OLED_SetCursor	16	static
../Core/Src/oled.c:303:6:OLED_DisplayChar	32	static
../Core/Src/oled.c:344:6:OLED_DisplayCharInverted	32	static
../Core/Src/oled.c:394:6:OLED_DisplayString	24	static
../Core/Src/oled.c:423:6:OLED_DisplayStringInverted	32	static
../Core/Src/oled.c:452:6:OLED_DisplayInteger	32	static
../Core/Src/oled.c:459:6:OLED_DisplayFloat	56	static
../Core/Src/oled.c:482:6:OLED_DisplayFPS	8	static
