../Core/Src/oled.c:123:6:OLED_InitBuffer	16	static
../Core/Src/oled.c:144:6:OLED_ClearBuffer	16	static
../Core/Src/oled.c:156:9:OLED_IsBusy	16	static
../Core/Src/oled.c:174:6:OLED_UpdateDisplayVSync	24	static
../Core/Src/oled.c:205:6:OLED_UpdateDisplayDMA	16	static
../Core/Src/oled.c:238:6:OLED_UpdateDisplayPartial	32	static
../Core/Src/oled.c:283:6:OLED_WritePixel	24	static
../Core/Src/oled.c:309:6:OLED_SendCommand	32	static
../Core/Src/oled.c:317:6:OLED_SendData	32	static
../Core/Src/oled.c:325:6:OLED_ClearDisplay	8	static
../Core/Src/oled.c:332:6:OLED_Init	8	static
../Core/Src/oled.c:374:6:OLED_InvertArea	40	static
../Core/Src/oled.c:430:6:OLED_SetCursor	16	static
../Core/Src/oled.c:437:6:OLED_DisplayChar	40	static
../Core/Src/oled.c:487:6:OLED_DisplayCharInverted	32	static
../Core/Src/oled.c:537:6:OLED_DisplayString	24	static
../Core/Src/oled.c:566:6:OLED_DisplayStringInverted	32	static
../Core/Src/oled.c:595:6:OLED_DisplayInteger	32	static
../Core/Src/oled.c:602:6:OLED_DisplayFloat	56	static
