../Core/Src/oled_ui.c:12:14:EaseLinear	16	static
../Core/Src/oled_ui.c:17:14:EaseInQuad	16	static
../Core/Src/oled_ui.c:22:14:EaseOutQuad	16	static
../Core/Src/oled_ui.c:27:14:EaseInOutQuad	16	static
../Core/Src/oled_ui.c:32:14:EaseInCubic	16	static
../Core/Src/oled_ui.c:37:14:EaseOutCubic	24	static
../Core/Src/oled_ui.c:43:14:EaseInOutCubic	24	static
../Core/Src/oled_ui.c:50:14:EaseInExpo	16	static
../Core/Src/oled_ui.c:55:14:EaseOutExpo	16	static
../Core/Src/oled_ui.c:60:14:EaseInOutExpo	16	static
../Core/Src/oled_ui.c:72:14:EaseInCirc	16	static
../Core/Src/oled_ui.c:77:14:EaseOutCirc	16	static
../Core/Src/oled_ui.c:82:14:EaseInOutCirc	16	static
../Core/Src/oled_ui.c:90:14:EaseInElastic	32	static
../Core/Src/oled_ui.c:101:14:EaseOutElastic	32	static
../Core/Src/oled_ui.c:112:14:EaseInOutElastic	32	static
../Core/Src/oled_ui.c:125:14:EaseOutBounce	24	static
../Core/Src/oled_ui.c:152:14:EaseInBounce	16	static
../Core/Src/oled_ui.c:157:14:EaseInOutBounce	16	static
../Core/Src/oled_ui.c:165:14:EaseInBack	32	static
../Core/Src/oled_ui.c:173:14:EaseOutBack	32	static
../Core/Src/oled_ui.c:181:14:EaseInOutBack	32	static
../Core/Src/oled_ui.c:192:14:EaseInSine	16	static
../Core/Src/oled_ui.c:197:14:EaseOutSine	16	static
../Core/Src/oled_ui.c:202:14:EaseInOutSine	16	static
../Core/Src/oled_ui.c:207:14:GetEaseValue	16	static
../Core/Src/oled_ui.c:269:6:OLED_InitAnimation	24	static
../Core/Src/oled_ui.c:282:9:OLED_UpdateAnimation	40	static
../Core/Src/oled_ui.c:310:7:OLED_GetAnimationValue	16	static
../Core/Src/oled_ui.c:318:6:InitBlockAnimation	16	static
../Core/Src/oled_ui.c:324:6:UpdateAndDrawBlock	16	static
../Core/Src/oled_ui.c:346:6:AnimationLoop	8	static
../Core/Src/oled_ui.c:369:6:OLED_InitAnimationManager	16	static
../Core/Src/oled_ui.c:375:20:OLED_FindTaggedAnimation	24	static
../Core/Src/oled_ui.c:387:9:OLED_GetObjectPosition	32	static
../Core/Src/oled_ui.c:400:6:OLED_MoveObject	40	static
../Core/Src/oled_ui.c:427:6:OLED_UpdateAnimationManager	32	static
../Core/Src/oled_ui.c:477:6:OLED_DrawTitleBar	32	static
../Core/Src/oled_ui.c:489:6:OLED_DrawBattery	32	static
../Core/Src/oled_ui.c:510:6:OLED_DrawProgressBar	40	static
../Core/Src/oled_ui.c:527:6:OLED_DrawRectangle	32	static
../Core/Src/oled_ui.c:556:6:OLED_DrawFilledRectangle	32	static
../Core/Src/oled_ui.c:580:6:OLED_DrawLine	48	static
