../Core/Src/oled_ui.c:14:14:EaseLinear	16	static
../Core/Src/oled_ui.c:19:14:EaseInQuad	16	static
../Core/Src/oled_ui.c:24:14:EaseOutQuad	16	static
../Core/Src/oled_ui.c:29:14:EaseInOutQuad	16	static
../Core/Src/oled_ui.c:34:14:EaseInCubic	16	static
../Core/Src/oled_ui.c:39:14:EaseOutCubic	24	static
../Core/Src/oled_ui.c:45:14:EaseInOutCubic	24	static
../Core/Src/oled_ui.c:52:14:EaseInExpo	16	static
../Core/Src/oled_ui.c:57:14:EaseOutExpo	16	static
../Core/Src/oled_ui.c:62:14:EaseInOutExpo	16	static
../Core/Src/oled_ui.c:74:14:EaseInCirc	16	static
../Core/Src/oled_ui.c:79:14:EaseOutCirc	16	static
../Core/Src/oled_ui.c:84:14:EaseInOutCirc	16	static
../Core/Src/oled_ui.c:92:14:EaseInElastic	32	static
../Core/Src/oled_ui.c:103:14:EaseOutElastic	32	static
../Core/Src/oled_ui.c:114:14:EaseInOutElastic	32	static
../Core/Src/oled_ui.c:127:14:EaseOutBounce	24	static
../Core/Src/oled_ui.c:154:14:EaseInBounce	16	static
../Core/Src/oled_ui.c:159:14:EaseInOutBounce	16	static
../Core/Src/oled_ui.c:167:14:EaseInBack	32	static
../Core/Src/oled_ui.c:175:14:EaseOutBack	32	static
../Core/Src/oled_ui.c:183:14:EaseInOutBack	32	static
../Core/Src/oled_ui.c:194:14:EaseInSine	16	static
../Core/Src/oled_ui.c:199:14:EaseOutSine	16	static
../Core/Src/oled_ui.c:204:14:EaseInOutSine	16	static
../Core/Src/oled_ui.c:209:14:GetEaseValue	16	static
../Core/Src/oled_ui.c:268:7:MathLerp	24	static
../Core/Src/oled_ui.c:282:6:OLED_InitAnimation	24	static
../Core/Src/oled_ui.c:295:9:OLED_UpdateAnimation	40	static
../Core/Src/oled_ui.c:322:7:OLED_GetAnimationValue	16	static
../Core/Src/oled_ui.c:330:6:InitBlockAnimation	16	static
../Core/Src/oled_ui.c:336:6:UpdateAndDrawBlock	16	static
../Core/Src/oled_ui.c:358:6:AnimationLoop	8	static
../Core/Src/oled_ui.c:387:6:OLED_InitAnimationManager	16	static
../Core/Src/oled_ui.c:393:20:OLED_FindTaggedAnimation	24	static
../Core/Src/oled_ui.c:405:9:OLED_GetObjectPosition	32	static
../Core/Src/oled_ui.c:420:6:OLED_MoveObject	40	static
../Core/Src/oled_ui.c:447:6:OLED_UpdateAnimationManager	32	static
../Core/Src/oled_ui.c:469:9:OLED_GetAnimationStates	24	static
../Core/Src/oled_ui.c:482:6:OLED_DoTweenObject	48	static
../Core/Src/oled_ui.c:510:6:OLED_MoveObjectAxis	40	static
../Core/Src/oled_ui.c:541:6:OLED_DoTweenObjectX	56	static
../Core/Src/oled_ui.c:552:6:OLED_DoTweenObjectY	56	static
../Core/Src/oled_ui.c:566:6:OLED_DrawTitleBar	32	static
../Core/Src/oled_ui.c:578:6:OLED_DrawBattery	32	static
../Core/Src/oled_ui.c:599:6:OLED_DrawProgressBar	40	static
../Core/Src/oled_ui.c:617:6:OLED_DrawRectangle	40	static
../Core/Src/oled_ui.c:706:6:OLED_DrawFilledRectangle	40	static
../Core/Src/oled_ui.c:818:6:OLED_DrawIcon	32	static
