../Core/Src/oled_ui.c:11:14:EaseLinear	16	static
../Core/Src/oled_ui.c:16:14:EaseInQuad	16	static
../Core/Src/oled_ui.c:21:14:EaseOutQuad	16	static
../Core/Src/oled_ui.c:26:14:EaseInOutQuad	16	static
../Core/Src/oled_ui.c:31:14:EaseInCubic	16	static
../Core/Src/oled_ui.c:36:14:EaseOutCubic	24	static
../Core/Src/oled_ui.c:42:14:EaseInOutCubic	24	static
../Core/Src/oled_ui.c:49:14:EaseInExpo	16	static
../Core/Src/oled_ui.c:54:14:EaseOutExpo	16	static
../Core/Src/oled_ui.c:59:14:EaseInOutExpo	16	static
../Core/Src/oled_ui.c:71:14:EaseInCirc	16	static
../Core/Src/oled_ui.c:76:14:EaseOutCirc	16	static
../Core/Src/oled_ui.c:81:14:EaseInOutCirc	16	static
../Core/Src/oled_ui.c:89:14:EaseInElastic	32	static
../Core/Src/oled_ui.c:100:14:EaseOutElastic	32	static
../Core/Src/oled_ui.c:111:14:EaseInOutElastic	32	static
../Core/Src/oled_ui.c:124:14:EaseOutBounce	24	static
../Core/Src/oled_ui.c:151:14:EaseInBounce	16	static
../Core/Src/oled_ui.c:156:14:EaseInOutBounce	16	static
../Core/Src/oled_ui.c:164:14:EaseInBack	32	static
../Core/Src/oled_ui.c:172:14:EaseOutBack	32	static
../Core/Src/oled_ui.c:180:14:EaseInOutBack	32	static
../Core/Src/oled_ui.c:191:14:EaseInSine	16	static
../Core/Src/oled_ui.c:196:14:EaseOutSine	16	static
../Core/Src/oled_ui.c:201:14:EaseInOutSine	16	static
../Core/Src/oled_ui.c:206:14:GetEaseValue	16	static
../Core/Src/oled_ui.c:265:7:MathLerp	24	static
../Core/Src/oled_ui.c:279:6:OLED_InitAnimation	24	static
../Core/Src/oled_ui.c:292:9:OLED_UpdateAnimation	40	static
../Core/Src/oled_ui.c:320:7:OLED_GetAnimationValue	16	static
../Core/Src/oled_ui.c:328:6:InitBlockAnimation	16	static
../Core/Src/oled_ui.c:334:6:UpdateAndDrawBlock	16	static
../Core/Src/oled_ui.c:356:6:AnimationLoop	8	static
../Core/Src/oled_ui.c:380:6:OLED_InitAnimationManager	16	static
../Core/Src/oled_ui.c:386:20:OLED_FindTaggedAnimation	24	static
../Core/Src/oled_ui.c:398:9:OLED_GetObjectPosition	32	static
../Core/Src/oled_ui.c:413:6:OLED_MoveObject	40	static
../Core/Src/oled_ui.c:440:6:OLED_UpdateAnimationManager	32	static
../Core/Src/oled_ui.c:462:9:OLED_GetAnimationStates	24	static
../Core/Src/oled_ui.c:473:6:OLED_DoTweenObject	48	static
../Core/Src/oled_ui.c:493:6:OLED_MoveObjectAxis	40	static
../Core/Src/oled_ui.c:524:6:OLED_DoTweenObjectX	56	static
../Core/Src/oled_ui.c:535:6:OLED_DoTweenObjectY	56	static
../Core/Src/oled_ui.c:549:6:OLED_DrawTitleBar	32	static
../Core/Src/oled_ui.c:561:6:OLED_DrawBattery	32	static
../Core/Src/oled_ui.c:582:6:OLED_DrawProgressBar	40	static
../Core/Src/oled_ui.c:600:6:OLED_DrawRectangle	40	static
../Core/Src/oled_ui.c:689:6:OLED_DrawFilledRectangle	40	static
../Core/Src/oled_ui.c:766:6:OLED_DrawLine	48	static
