../Core/Src/oled_ui.c:13:14:EaseLinear	16	static
../Core/Src/oled_ui.c:18:14:EaseInQuad	16	static
../Core/Src/oled_ui.c:23:14:EaseOutQuad	16	static
../Core/Src/oled_ui.c:28:14:EaseInOutQuad	16	static
../Core/Src/oled_ui.c:33:14:EaseInCubic	16	static
../Core/Src/oled_ui.c:38:14:EaseOutCubic	24	static
../Core/Src/oled_ui.c:44:14:EaseInOutCubic	24	static
../Core/Src/oled_ui.c:51:14:EaseInExpo	16	static
../Core/Src/oled_ui.c:56:14:EaseOutExpo	16	static
../Core/Src/oled_ui.c:61:14:EaseInOutExpo	16	static
../Core/Src/oled_ui.c:73:14:EaseInCirc	16	static
../Core/Src/oled_ui.c:78:14:EaseOutCirc	16	static
../Core/Src/oled_ui.c:83:14:EaseInOutCirc	16	static
../Core/Src/oled_ui.c:91:14:EaseInElastic	32	static
../Core/Src/oled_ui.c:102:14:EaseOutElastic	32	static
../Core/Src/oled_ui.c:113:14:EaseInOutElastic	32	static
../Core/Src/oled_ui.c:126:14:EaseOutBounce	24	static
../Core/Src/oled_ui.c:153:14:EaseInBounce	16	static
../Core/Src/oled_ui.c:158:14:EaseInOutBounce	16	static
../Core/Src/oled_ui.c:166:14:EaseInBack	32	static
../Core/Src/oled_ui.c:174:14:EaseOutBack	32	static
../Core/Src/oled_ui.c:182:14:EaseInOutBack	32	static
../Core/Src/oled_ui.c:193:14:EaseInSine	16	static
../Core/Src/oled_ui.c:198:14:EaseOutSine	16	static
../Core/Src/oled_ui.c:203:14:EaseInOutSine	16	static
../Core/Src/oled_ui.c:208:14:GetEaseValue	16	static
../Core/Src/oled_ui.c:267:7:MathLerp	24	static
../Core/Src/oled_ui.c:281:6:OLED_InitAnimation	24	static
../Core/Src/oled_ui.c:294:9:OLED_UpdateAnimation	40	static
../Core/Src/oled_ui.c:321:7:OLED_GetAnimationValue	16	static
../Core/Src/oled_ui.c:329:6:InitBlockAnimation	16	static
../Core/Src/oled_ui.c:335:6:UpdateAndDrawBlock	16	static
../Core/Src/oled_ui.c:357:6:AnimationLoop	8	static
../Core/Src/oled_ui.c:386:6:OLED_InitAnimationManager	16	static
../Core/Src/oled_ui.c:392:20:OLED_FindTaggedAnimation	24	static
../Core/Src/oled_ui.c:404:9:OLED_GetObjectPosition	32	static
../Core/Src/oled_ui.c:419:6:OLED_MoveObject	40	static
../Core/Src/oled_ui.c:446:6:OLED_UpdateAnimationManager	32	static
../Core/Src/oled_ui.c:468:9:OLED_GetAnimationStates	24	static
../Core/Src/oled_ui.c:481:6:OLED_DoTweenObject	48	static
../Core/Src/oled_ui.c:509:6:OLED_MoveObjectAxis	40	static
../Core/Src/oled_ui.c:540:6:OLED_DoTweenObjectX	56	static
../Core/Src/oled_ui.c:551:6:OLED_DoTweenObjectY	56	static
../Core/Src/oled_ui.c:565:6:OLED_DrawTitleBar	32	static
../Core/Src/oled_ui.c:577:6:OLED_DrawBattery	32	static
../Core/Src/oled_ui.c:598:6:OLED_DrawProgressBar	40	static
../Core/Src/oled_ui.c:616:6:OLED_DrawRectangle	40	static
../Core/Src/oled_ui.c:705:6:OLED_DrawFilledRectangle	40	static
../Core/Src/oled_ui.c:782:6:OLED_DrawLine	48	static
