../Core/Src/oled_ui.c:12:14:EaseLinear	16	static
../Core/Src/oled_ui.c:17:14:EaseInQuad	16	static
../Core/Src/oled_ui.c:22:14:EaseOutQuad	16	static
../Core/Src/oled_ui.c:27:14:EaseInOutQuad	16	static
../Core/Src/oled_ui.c:32:14:EaseInCubic	16	static
../Core/Src/oled_ui.c:37:14:EaseOutCubic	24	static
../Core/Src/oled_ui.c:43:14:EaseInOutCubic	24	static
../Core/Src/oled_ui.c:50:14:EaseInExpo	16	static
../Core/Src/oled_ui.c:55:14:EaseOutExpo	16	static
../Core/Src/oled_ui.c:60:14:EaseInOutExpo	16	static
../Core/Src/oled_ui.c:72:14:EaseInCirc	16	static
../Core/Src/oled_ui.c:77:14:EaseOutCirc	16	static
../Core/Src/oled_ui.c:82:14:EaseInOutCirc	16	static
../Core/Src/oled_ui.c:90:14:EaseInElastic	32	static
../Core/Src/oled_ui.c:101:14:EaseOutElastic	32	static
../Core/Src/oled_ui.c:112:14:EaseInOutElastic	32	static
../Core/Src/oled_ui.c:125:14:EaseOutBounce	24	static
../Core/Src/oled_ui.c:152:14:EaseInBounce	16	static
../Core/Src/oled_ui.c:159:14:EaseInOutBounce	16	static
../Core/Src/oled_ui.c:167:14:EaseInBack	32	static
../Core/Src/oled_ui.c:175:14:EaseOutBack	32	static
../Core/Src/oled_ui.c:183:14:EaseInOutBack	32	static
../Core/Src/oled_ui.c:194:14:EaseInSine	16	static
../Core/Src/oled_ui.c:199:14:EaseOutSine	16	static
../Core/Src/oled_ui.c:204:14:EaseInOutSine	16	static
../Core/Src/oled_ui.c:209:14:GetEaseValue	16	static
../Core/Src/oled_ui.c:270:6:OLED_InitAnimation	24	static
../Core/Src/oled_ui.c:283:9:OLED_UpdateAnimation	40	static
../Core/Src/oled_ui.c:311:7:OLED_GetAnimationValue	16	static
../Core/Src/oled_ui.c:318:6:InitBlockAnimation	16	static
../Core/Src/oled_ui.c:326:6:UpdateAndDrawBlock	16	static
../Core/Src/oled_ui.c:349:6:AnimationLoop	8	static
../Core/Src/oled_ui.c:394:6:OLED_DrawTitleBar	32	static
../Core/Src/oled_ui.c:406:6:OLED_DrawBattery	32	static
../Core/Src/oled_ui.c:427:6:OLED_DrawProgressBar	40	static
../Core/Src/oled_ui.c:444:6:OLED_DrawRectangle	32	static
../Core/Src/oled_ui.c:473:6:OLED_DrawFilledRectangle	32	static
../Core/Src/oled_ui.c:497:6:OLED_DrawLine	48	static
