../Core/Src/videoPlayer.c:19:5:lz77_decompress	20	static
../Core/Src/videoPlayer.c:76:6:display_frame_oled	24	static
../Core/Src/videoPlayer.c:93:6:video_player_init	8	static
../Core/Src/videoPlayer.c:142:6:video_fast_forward	8	static
../Core/Src/videoPlayer.c:157:6:video_rewind	8	static
../Core/Src/videoPlayer.c:172:5:get_current_frame_index	0	static
../Core/Src/videoPlayer.c:177:14:get_total_frames	8	static
../Core/Src/videoPlayer.c:184:6:set_current_frame_index	8	static
../Core/Src/videoPlayer.c:202:5:get_target_frame_index	968	static
../Core/Src/videoPlayer.c:99:6:play_video	936	static
