../Core/Src/videoPlayer.c:20:5:lz77_decompress	64	static
../Core/Src/videoPlayer.c:77:6:display_frame_oled	32	static
../Core/Src/videoPlayer.c:94:6:video_player_init	8	static
../Core/Src/videoPlayer.c:100:6:play_video	928	static
../Core/Src/videoPlayer.c:143:6:video_fast_forward	16	static
../Core/Src/videoPlayer.c:158:6:video_rewind	16	static
../Core/Src/videoPlayer.c:173:5:get_current_frame_index	4	static
../Core/Src/videoPlayer.c:178:14:get_total_frames	8	static
../Core/Src/videoPlayer.c:185:6:set_current_frame_index	16	static
../Core/Src/videoPlayer.c:203:5:get_target_frame_index	968	static
